Initialized native services in: C:\Users\david\.gradle\native
Initialized jansi services in: C:\Users\david\.gradle\native
Received JVM installation metadata from 'C:\Program Files\Microsoft\jdk-11.0.30.7-hotspot': {JAVA_HOME=C:\Program Files\Microsoft\jdk-11.0.30.7-hotspot, JAVA_VERSION=11.0.30, JAVA_VENDOR=Microsoft, RUNTIME_NAME=OpenJDK Runtime Environment, RUNTIME_VERSION=11.0.30+7-LTS, VM_NAME=OpenJDK 64-Bit Server VM, VM_VERSION=11.0.30+7-LTS, VM_VENDOR=Microsoft, OS_ARCH=amd64}
Starting process 'command 'C:\Program Files\Java\jdk-17\bin\java.exe''. Working directory: C:\Users\david\.gradle\.tmp\tmp-jvm8613937762217311299probe Command: C:\Program Files\Java\jdk-17\bin\java.exe -Xmx32m -Xms32m -cp . JavaProbe
Successfully started process 'command 'C:\Program Files\Java\jdk-17\bin\java.exe''
Received JVM installation metadata from 'C:\Program Files\Java\jdk-17': {JAVA_HOME=C:\Program Files\Java\jdk-17, JAVA_VERSION=17.0.12, JAVA_VENDOR=Oracle Corporation, RUNTIME_NAME=Java(TM) SE Runtime Environment, RUNTIME_VERSION=17.0.12+8-LTS-286, VM_NAME=Java HotSpot(TM) 64-Bit Server VM, VM_VERSION=17.0.12+8-LTS-286, VM_VENDOR=Oracle Corporation, OS_ARCH=amd64}
Found daemon DaemonInfo{pid=15216, address=[1678b723-056e-488d-9fcf-43cf09ad1d96 port:54570, addresses:[/127.0.0.1]], state=Idle, lastBusy=1782940063085, context=DefaultDaemonContext[uid=2a601f99-67f7-49ba-9afa-87c14c856588,javaHome=C:\Program Files\Java\jdk-17,javaVersion=17,daemonRegistryDir=C:\Users\david\.gradle\daemon,pid=15216,idleTimeout=10800000,priority=NORMAL,applyInstrumentationAgent=true,nativeServicesMode=ENABLED,daemonOpts=-XX:MaxMetaspaceSize=1g,-XX:+UseG1GC,--add-opens=java.base/java.util=ALL-UNNAMED,--add-opens=java.base/java.lang=ALL-UNNAMED,--add-opens=java.base/java.lang.invoke=ALL-UNNAMED,--add-opens=java.prefs/java.util.prefs=ALL-UNNAMED,--add-exports=jdk.compiler/com.sun.tools.javac.api=ALL-UNNAMED,--add-exports=jdk.compiler/com.sun.tools.javac.util=ALL-UNNAMED,--add-opens=java.base/java.nio.charset=ALL-UNNAMED,--add-opens=java.base/java.net=ALL-UNNAMED,--add-opens=java.base/java.util.concurrent.atomic=ALL-UNNAMED,-Xmx4g,-Dfile.encoding=windows-1252,-Duser.country=US,-Duser.language=en,-Duser.variant]} however its context does not match the desired criteria.
At least one daemon option is different.
Wanted: DaemonRequestContext{jvmCriteria='C:\Program Files\Java\jdk-17' (from org.gradle.java.home), daemonOpts=[-XX:MaxMetaspaceSize=512m, --add-opens=java.base/java.util=ALL-UNNAMED, --add-opens=java.base/java.lang=ALL-UNNAMED, --add-opens=java.base/java.lang.invoke=ALL-UNNAMED, --add-opens=java.prefs/java.util.prefs=ALL-UNNAMED, --add-exports=jdk.compiler/com.sun.tools.javac.api=ALL-UNNAMED, --add-exports=jdk.compiler/com.sun.tools.javac.util=ALL-UNNAMED, --add-opens=java.base/java.nio.charset=ALL-UNNAMED, --add-opens=java.base/java.net=ALL-UNNAMED, --add-opens=java.base/java.util.concurrent.atomic=ALL-UNNAMED, -Xmx2048m, -Dfile.encoding=windows-1252, -Duser.country=US, -Duser.language=en, -Duser.variant], applyInstrumentationAgent=true, nativeServicesMode=ENABLED, priority=NORMAL}
Actual: DefaultDaemonContext[uid=2a601f99-67f7-49ba-9afa-87c14c856588,javaHome=C:\Program Files\Java\jdk-17,javaVersion=17,daemonRegistryDir=C:\Users\david\.gradle\daemon,pid=15216,idleTimeout=10800000,priority=NORMAL,applyInstrumentationAgent=true,nativeServicesMode=ENABLED,daemonOpts=-XX:MaxMetaspaceSize=1g,-XX:+UseG1GC,--add-opens=java.base/java.util=ALL-UNNAMED,--add-opens=java.base/java.lang=ALL-UNNAMED,--add-opens=java.base/java.lang.invoke=ALL-UNNAMED,--add-opens=java.prefs/java.util.prefs=ALL-UNNAMED,--add-exports=jdk.compiler/com.sun.tools.javac.api=ALL-UNNAMED,--add-exports=jdk.compiler/com.sun.tools.javac.util=ALL-UNNAMED,--add-opens=java.base/java.nio.charset=ALL-UNNAMED,--add-opens=java.base/java.net=ALL-UNNAMED,--add-opens=java.base/java.util.concurrent.atomic=ALL-UNNAMED,-Xmx4g,-Dfile.encoding=windows-1252,-Duser.country=US,-Duser.language=en,-Duser.variant]

  Looking for a different daemon...
Removing daemon from the registry due to communication failure. Daemon information: DaemonInfo{pid=48644, address=[50a5bdb7-7e95-40ec-ba1a-73d84ee38ebd port:63601, addresses:[/127.0.0.1]], state=Idle, lastBusy=1782940925023, context=DefaultDaemonContext[uid=63a0ea9e-5820-4dfa-92e9-828c9fbdff87,javaHome=C:\Program Files\Java\jdk-17,javaVersion=17,daemonRegistryDir=C:\Users\david\.gradle\daemon,pid=48644,idleTimeout=10800000,priority=NORMAL,applyInstrumentationAgent=true,nativeServicesMode=ENABLED,daemonOpts=-XX:MaxMetaspaceSize=512m,--add-opens=java.base/java.util=ALL-UNNAMED,--add-opens=java.base/java.lang=ALL-UNNAMED,--add-opens=java.base/java.lang.invoke=ALL-UNNAMED,--add-opens=java.prefs/java.util.prefs=ALL-UNNAMED,--add-exports=jdk.compiler/com.sun.tools.javac.api=ALL-UNNAMED,--add-exports=jdk.compiler/com.sun.tools.javac.util=ALL-UNNAMED,--add-opens=java.base/java.nio.charset=ALL-UNNAMED,--add-opens=java.base/java.net=ALL-UNNAMED,--add-opens=java.base/java.util.concurrent.atomic=ALL-UNNAMED,-Xmx2048m,-Dfile.encoding=windows-1252,-Duser.country=US,-Duser.language=en,-Duser.variant]}
Removing 0 daemon stop events from registry
Previous Daemon (18140) stopped at Wed Jul 01 16:43:07 EDT 2026 other compatible daemons were started and after being idle for 0 minutes and not recently used
Previous Daemon (50972) stopped at Wed Jul 01 16:43:09 EDT 2026 other compatible daemons were started and after being idle for 0 minutes and not recently used
Previous Daemon (48080) stopped at Wed Jul 01 17:01:47 EDT 2026 by user or operating system
Previous Daemon (30920) stopped at Wed Jul 01 17:03:30 EDT 2026 by user or operating system
Previous Daemon (21496) stopped at Wed Jul 01 17:04:35 EDT 2026 by user or operating system
Previous Daemon (22716) stopped at Wed Jul 01 17:06:31 EDT 2026 by user or operating system
Previous Daemon (48932) stopped at Wed Jul 01 17:07:40 EDT 2026 by user or operating system
Previous Daemon (47776) stopped at Wed Jul 01 17:22:02 EDT 2026 by user or operating system
Previous Daemon (48644) stopped at Wed Jul 01 17:23:04 EDT 2026 by user or operating system
Starting a Gradle Daemon, 24 busy and 2 incompatible and 9 stopped Daemons could not be reused, use --status for details
Starting process 'Gradle build daemon'. Working directory: C:\Users\david\.gradle\daemon\8.9 Command: C:\Program Files\Java\jdk-17\bin\java.exe -XX:MaxMetaspaceSize=512m --add-opens=java.base/java.util=ALL-UNNAMED --add-opens=java.base/java.lang=ALL-UNNAMED --add-opens=java.base/java.lang.invoke=ALL-UNNAMED --add-opens=java.prefs/java.util.prefs=ALL-UNNAMED --add-exports=jdk.compiler/com.sun.tools.javac.api=ALL-UNNAMED --add-exports=jdk.compiler/com.sun.tools.javac.util=ALL-UNNAMED --add-opens=java.base/java.nio.charset=ALL-UNNAMED --add-opens=java.base/java.net=ALL-UNNAMED --add-opens=java.base/java.util.concurrent.atomic=ALL-UNNAMED -Xmx2048m -Dfile.encoding=windows-1252 -Duser.country=US -Duser.language=en -Duser.variant -cp C:\Users\david\.gradle\wrapper\dists\gradle-8.9-bin\90cnw93cvbtalezasaz0blq0a\gradle-8.9\lib\gradle-daemon-main-8.9.jar -javaagent:C:\Users\david\.gradle\wrapper\dists\gradle-8.9-bin\90cnw93cvbtalezasaz0blq0a\gradle-8.9\lib\agents\gradle-instrumentation-agent-8.9.jar org.gradle.launcher.daemon.bootstrap.GradleDaemon 8.9
Successfully started process 'Gradle build daemon'
An attempt to start the daemon took 2.161 secs.
The client will now receive all logging from the daemon (pid: 47276). The daemon log file: C:\Users\david\.gradle\daemon\8.9\daemon-47276.out.log
Starting build in new daemon [memory: 2 GiB]
Using 16 worker leases.
Received JVM installation metadata from 'C:\Program Files\Java\jdk-17': {JAVA_HOME=C:\Program Files\Java\jdk-17, JAVA_VERSION=17.0.12, JAVA_VENDOR=Oracle Corporation, RUNTIME_NAME=OpenJDK Runtime Environment, RUNTIME_VERSION=17.0.12+8-LTS-286, VM_NAME=Java HotSpot(TM) 64-Bit Server VM, VM_VERSION=17.0.12+8-LTS-286, VM_VENDOR=Oracle Corporation, OS_ARCH=amd64}
Watching the file system is configured to be enabled if available
Now considering [C:\Users\david\dev\robotics\ftc\ARES-Analytics] as hierarchies to watch
File system watching is active
Starting Build
Settings evaluated using settings file 'C:\Users\david\dev\robotics\ftc\ARES-Analytics\settings.gradle.kts'.
Using local directory build cache for the root build (location = C:\Users\david\.gradle\caches\build-cache-1, removeUnusedEntriesAfter = 7 days).
Projects loaded. Root project using build file 'C:\Users\david\dev\robotics\ftc\ARES-Analytics\build.gradle.kts'.
Included projects: [root project 'ARES-Analytics', project ':app', project ':gateway', project ':shared']

> Configure project :
Evaluating root project 'ARES-Analytics' using build file 'C:\Users\david\dev\robotics\ftc\ARES-Analytics\build.gradle.kts'.
Transforming gradle-plugin-2.0.2.jar (app.cash.sqldelight:gradle-plugin:2.0.2) with InstrumentationAnalysisTransform
Transforming migrations-2.0.2.jar (app.cash.sqldelight:migrations:2.0.2) with InstrumentationAnalysisTransform
Transforming environment-0.4.9.jar (com.alecstrong.sql.psi:environment:0.4.9) with InstrumentationAnalysisTransform
Transforming core-2.0.2.jar (app.cash.sqldelight:core:2.0.2) with InstrumentationAnalysisTransform
Transforming dialect-api-2.0.2.jar (app.cash.sqldelight:dialect-api:2.0.2) with InstrumentationAnalysisTransform
Transforming core-0.4.9.jar (com.alecstrong.sql.psi:core:0.4.9) with InstrumentationAnalysisTransform
Transforming kotlinpoet-jvm-1.16.0.jar (com.squareup:kotlinpoet-jvm:1.16.0) with InstrumentationAnalysisTransform
Transforming kotlin-reflect-1.9.23.jar (org.jetbrains.kotlin:kotlin-reflect:1.9.23) with InstrumentationAnalysisTransform
Transforming kotlin-stdlib-1.9.23.jar (org.jetbrains.kotlin:kotlin-stdlib:1.9.23) with InstrumentationAnalysisTransform
Transforming annotations-13.0.jar (org.jetbrains:annotations:13.0) with InstrumentationAnalysisTransform
Transforming kotlin-serialization-2.0.21-gradle85.jar (org.jetbrains.kotlin:kotlin-serialization:2.0.21) with InstrumentationAnalysisTransform
Transforming kotlin-gradle-plugin-model-2.0.21.jar (org.jetbrains.kotlin:kotlin-gradle-plugin-model:2.0.21) with InstrumentationAnalysisTransform
Transforming kotlin-gradle-plugin-api-2.0.21.jar (org.jetbrains.kotlin:kotlin-gradle-plugin-api:2.0.21) with InstrumentationAnalysisTransform
Transforming kotlin-gradle-plugin-api-2.0.21-gradle85.jar (org.jetbrains.kotlin:kotlin-gradle-plugin-api:2.0.21) with InstrumentationAnalysisTransform
Transforming compose-compiler-gradle-plugin-2.0.21-gradle85.jar (org.jetbrains.kotlin:compose-compiler-gradle-plugin:2.0.21) with InstrumentationAnalysisTransform
Transforming kotlin-gradle-plugin-2.0.21-gradle85.jar (org.jetbrains.kotlin:kotlin-gradle-plugin:2.0.21) with InstrumentationAnalysisTransform
Transforming compose-gradle-plugin-1.7.3.jar (org.jetbrains.compose:compose-gradle-plugin:1.7.3) with InstrumentationAnalysisTransform
Transforming kotlin-gradle-plugin-idea-proto-2.0.21.jar (org.jetbrains.kotlin:kotlin-gradle-plugin-idea-proto:2.0.21) with InstrumentationAnalysisTransform
Transforming kotlin-gradle-plugin-idea-2.0.21.jar (org.jetbrains.kotlin:kotlin-gradle-plugin-idea:2.0.21) with InstrumentationAnalysisTransform
Transforming kotlin-klib-commonizer-api-2.0.21.jar (org.jetbrains.kotlin:kotlin-klib-commonizer-api:2.0.21) with InstrumentationAnalysisTransform
Transforming kotlin-build-statistics-2.0.21.jar (org.jetbrains.kotlin:kotlin-build-statistics:2.0.21) with InstrumentationAnalysisTransform
Transforming kotlin-build-tools-api-2.0.21.jar (org.jetbrains.kotlin:kotlin-build-tools-api:2.0.21) with InstrumentationAnalysisTransform
Transforming kotlin-compiler-runner-2.0.21.jar (org.jetbrains.kotlin:kotlin-compiler-runner:2.0.21) with InstrumentationAnalysisTransform
Transforming kotlin-native-utils-2.0.21.jar (org.jetbrains.kotlin:kotlin-native-utils:2.0.21) with InstrumentationAnalysisTransform
Transforming kotlin-util-klib-2.0.21.jar (org.jetbrains.kotlin:kotlin-util-klib:2.0.21) with InstrumentationAnalysisTransform
Transforming kotlin-compiler-embeddable-2.0.21.jar (org.jetbrains.kotlin:kotlin-compiler-embeddable:2.0.21) with InstrumentationAnalysisTransform
Transforming kotlin-gradle-plugin-annotations-2.0.21.jar (org.jetbrains.kotlin:kotlin-gradle-plugin-annotations:2.0.21) with InstrumentationAnalysisTransform
Transforming kotlin-tooling-core-2.0.21.jar (org.jetbrains.kotlin:kotlin-tooling-core:2.0.21) with InstrumentationAnalysisTransform
Transforming gson-2.8.9.jar (com.google.code.gson:gson:2.8.9) with InstrumentationAnalysisTransform
Transforming kotlin-daemon-client-2.0.21.jar (org.jetbrains.kotlin:kotlin-daemon-client:2.0.21) with InstrumentationAnalysisTransform
Transforming kotlinx-coroutines-core-jvm-1.6.4.jar (org.jetbrains.kotlinx:kotlinx-coroutines-core-jvm:1.6.4) with InstrumentationAnalysisTransform
Transforming kotlin-util-io-2.0.21.jar (org.jetbrains.kotlin:kotlin-util-io:2.0.21) with InstrumentationAnalysisTransform
Transforming kotlin-daemon-embeddable-2.0.21.jar (org.jetbrains.kotlin:kotlin-daemon-embeddable:2.0.21) with InstrumentationAnalysisTransform
Transforming trove4j-1.0.20200330.jar (org.jetbrains.intellij.deps:trove4j:1.0.20200330) with InstrumentationAnalysisTransform
Transforming jgrapht-core-1.5.2.jar (org.jgrapht:jgrapht-core:1.5.2) with InstrumentationAnalysisTransform
Transforming jheaps-0.14.jar (org.jheaps:jheaps:0.14) with InstrumentationAnalysisTransform
Transforming apfloat-1.10.1.jar (org.apfloat:apfloat:1.10.1) with InstrumentationAnalysisTransform
Transforming gradle-plugin-2.0.2.jar (app.cash.sqldelight:gradle-plugin:2.0.2) with InstrumentationAnalysisTransform
Transforming gradle-plugin-2.0.2.jar (app.cash.sqldelight:gradle-plugin:2.0.2) with MergeInstrumentationAnalysisTransform
Transforming migrations-2.0.2.jar (app.cash.sqldelight:migrations:2.0.2) with InstrumentationAnalysisTransform
Transforming migrations-2.0.2.jar (app.cash.sqldelight:migrations:2.0.2) with MergeInstrumentationAnalysisTransform
Transforming environment-0.4.9.jar (com.alecstrong.sql.psi:environment:0.4.9) with InstrumentationAnalysisTransform
Transforming environment-0.4.9.jar (com.alecstrong.sql.psi:environment:0.4.9) with MergeInstrumentationAnalysisTransform
Transforming core-2.0.2.jar (app.cash.sqldelight:core:2.0.2) with InstrumentationAnalysisTransform
Transforming core-2.0.2.jar (app.cash.sqldelight:core:2.0.2) with MergeInstrumentationAnalysisTransform
Transforming dialect-api-2.0.2.jar (app.cash.sqldelight:dialect-api:2.0.2) with InstrumentationAnalysisTransform
Transforming dialect-api-2.0.2.jar (app.cash.sqldelight:dialect-api:2.0.2) with MergeInstrumentationAnalysisTransform
Transforming core-0.4.9.jar (com.alecstrong.sql.psi:core:0.4.9) with InstrumentationAnalysisTransform
Transforming core-0.4.9.jar (com.alecstrong.sql.psi:core:0.4.9) with MergeInstrumentationAnalysisTransform
Transforming kotlinpoet-jvm-1.16.0.jar (com.squareup:kotlinpoet-jvm:1.16.0) with InstrumentationAnalysisTransform
Transforming kotlinpoet-jvm-1.16.0.jar (com.squareup:kotlinpoet-jvm:1.16.0) with MergeInstrumentationAnalysisTransform
Transforming kotlin-reflect-1.9.23.jar (org.jetbrains.kotlin:kotlin-reflect:1.9.23) with InstrumentationAnalysisTransform
Transforming kotlin-reflect-1.9.23.jar (org.jetbrains.kotlin:kotlin-reflect:1.9.23) with MergeInstrumentationAnalysisTransform
Transforming kotlin-stdlib-1.9.23.jar (org.jetbrains.kotlin:kotlin-stdlib:1.9.23) with InstrumentationAnalysisTransform
Transforming kotlin-stdlib-1.9.23.jar (org.jetbrains.kotlin:kotlin-stdlib:1.9.23) with MergeInstrumentationAnalysisTransform
Transforming annotations-13.0.jar (org.jetbrains:annotations:13.0) with InstrumentationAnalysisTransform
Transforming annotations-13.0.jar (org.jetbrains:annotations:13.0) with MergeInstrumentationAnalysisTransform
Transforming kotlin-serialization-2.0.21-gradle85.jar (org.jetbrains.kotlin:kotlin-serialization:2.0.21) with InstrumentationAnalysisTransform
Transforming kotlin-serialization-2.0.21-gradle85.jar (org.jetbrains.kotlin:kotlin-serialization:2.0.21) with MergeInstrumentationAnalysisTransform
Transforming kotlin-gradle-plugin-model-2.0.21.jar (org.jetbrains.kotlin:kotlin-gradle-plugin-model:2.0.21) with InstrumentationAnalysisTransform
Transforming kotlin-gradle-plugin-model-2.0.21.jar (org.jetbrains.kotlin:kotlin-gradle-plugin-model:2.0.21) with MergeInstrumentationAnalysisTransform
Transforming kotlin-gradle-plugin-api-2.0.21.jar (org.jetbrains.kotlin:kotlin-gradle-plugin-api:2.0.21) with InstrumentationAnalysisTransform
Transforming kotlin-gradle-plugin-api-2.0.21.jar (org.jetbrains.kotlin:kotlin-gradle-plugin-api:2.0.21) with MergeInstrumentationAnalysisTransform
Transforming kotlin-gradle-plugin-api-2.0.21-gradle85.jar (org.jetbrains.kotlin:kotlin-gradle-plugin-api:2.0.21) with InstrumentationAnalysisTransform
Transforming kotlin-gradle-plugin-api-2.0.21-gradle85.jar (org.jetbrains.kotlin:kotlin-gradle-plugin-api:2.0.21) with MergeInstrumentationAnalysisTransform
Transforming compose-compiler-gradle-plugin-2.0.21-gradle85.jar (org.jetbrains.kotlin:compose-compiler-gradle-plugin:2.0.21) with InstrumentationAnalysisTransform
Transforming compose-compiler-gradle-plugin-2.0.21-gradle85.jar (org.jetbrains.kotlin:compose-compiler-gradle-plugin:2.0.21) with MergeInstrumentationAnalysisTransform
Transforming kotlin-gradle-plugin-2.0.21-gradle85.jar (org.jetbrains.kotlin:kotlin-gradle-plugin:2.0.21) with InstrumentationAnalysisTransform
Transforming kotlin-gradle-plugin-2.0.21-gradle85.jar (org.jetbrains.kotlin:kotlin-gradle-plugin:2.0.21) with MergeInstrumentationAnalysisTransform
Transforming compose-gradle-plugin-1.7.3.jar (org.jetbrains.compose:compose-gradle-plugin:1.7.3) with InstrumentationAnalysisTransform
Transforming compose-gradle-plugin-1.7.3.jar (org.jetbrains.compose:compose-gradle-plugin:1.7.3) with MergeInstrumentationAnalysisTransform
Transforming kotlin-gradle-plugin-idea-proto-2.0.21.jar (org.jetbrains.kotlin:kotlin-gradle-plugin-idea-proto:2.0.21) with InstrumentationAnalysisTransform
Transforming kotlinpoet-jvm-1.16.0.jar (com.squareup:kotlinpoet-jvm:1.16.0) with ExternalDependencyInstrumentingArtifactTransform
Transforming kotlin-gradle-plugin-idea-proto-2.0.21.jar (org.jetbrains.kotlin:kotlin-gradle-plugin-idea-proto:2.0.21) with MergeInstrumentationAnalysisTransform
Transforming dialect-api-2.0.2.jar (app.cash.sqldelight:dialect-api:2.0.2) with ExternalDependencyInstrumentingArtifactTransform
Transforming core-2.0.2.jar (app.cash.sqldelight:core:2.0.2) with ExternalDependencyInstrumentingArtifactTransform
Transforming kotlin-gradle-plugin-idea-2.0.21.jar (org.jetbrains.kotlin:kotlin-gradle-plugin-idea:2.0.21) with InstrumentationAnalysisTransform
Transforming core-0.4.9.jar (com.alecstrong.sql.psi:core:0.4.9) with ExternalDependencyInstrumentingArtifactTransform
Transforming kotlin-gradle-plugin-idea-2.0.21.jar (org.jetbrains.kotlin:kotlin-gradle-plugin-idea:2.0.21) with MergeInstrumentationAnalysisTransform
Transforming kotlin-klib-commonizer-api-2.0.21.jar (org.jetbrains.kotlin:kotlin-klib-commonizer-api:2.0.21) with InstrumentationAnalysisTransform
Transforming kotlin-klib-commonizer-api-2.0.21.jar (org.jetbrains.kotlin:kotlin-klib-commonizer-api:2.0.21) with MergeInstrumentationAnalysisTransform
Transforming migrations-2.0.2.jar (app.cash.sqldelight:migrations:2.0.2) with ExternalDependencyInstrumentingArtifactTransform
Transforming kotlin-build-statistics-2.0.21.jar (org.jetbrains.kotlin:kotlin-build-statistics:2.0.21) with InstrumentationAnalysisTransform
Transforming kotlin-build-statistics-2.0.21.jar (org.jetbrains.kotlin:kotlin-build-statistics:2.0.21) with MergeInstrumentationAnalysisTransform
Transforming kotlin-build-tools-api-2.0.21.jar (org.jetbrains.kotlin:kotlin-build-tools-api:2.0.21) with InstrumentationAnalysisTransform
Transforming kotlin-build-tools-api-2.0.21.jar (org.jetbrains.kotlin:kotlin-build-tools-api:2.0.21) with MergeInstrumentationAnalysisTransform
Transforming kotlin-compiler-runner-2.0.21.jar (org.jetbrains.kotlin:kotlin-compiler-runner:2.0.21) with InstrumentationAnalysisTransform
Transforming environment-0.4.9.jar (com.alecstrong.sql.psi:environment:0.4.9) with ExternalDependencyInstrumentingArtifactTransform
Transforming kotlin-compiler-runner-2.0.21.jar (org.jetbrains.kotlin:kotlin-compiler-runner:2.0.21) with MergeInstrumentationAnalysisTransform
Transforming kotlin-native-utils-2.0.21.jar (org.jetbrains.kotlin:kotlin-native-utils:2.0.21) with InstrumentationAnalysisTransform
Transforming kotlin-native-utils-2.0.21.jar (org.jetbrains.kotlin:kotlin-native-utils:2.0.21) with MergeInstrumentationAnalysisTransform
Transforming gradle-plugin-2.0.2.jar (app.cash.sqldelight:gradle-plugin:2.0.2) with ExternalDependencyInstrumentingArtifactTransform
Transforming kotlin-util-klib-2.0.21.jar (org.jetbrains.kotlin:kotlin-util-klib:2.0.21) with InstrumentationAnalysisTransform
Transforming kotlin-stdlib-1.9.23.jar (org.jetbrains.kotlin:kotlin-stdlib:1.9.23) with ExternalDependencyInstrumentingArtifactTransform
Transforming kotlin-util-klib-2.0.21.jar (org.jetbrains.kotlin:kotlin-util-klib:2.0.21) with MergeInstrumentationAnalysisTransform
Transforming kotlin-compiler-embeddable-2.0.21.jar (org.jetbrains.kotlin:kotlin-compiler-embeddable:2.0.21) with InstrumentationAnalysisTransform
Transforming kotlin-compiler-embeddable-2.0.21.jar (org.jetbrains.kotlin:kotlin-compiler-embeddable:2.0.21) with MergeInstrumentationAnalysisTransform
Transforming kotlin-gradle-plugin-annotations-2.0.21.jar (org.jetbrains.kotlin:kotlin-gradle-plugin-annotations:2.0.21) with InstrumentationAnalysisTransform
Transforming kotlin-gradle-plugin-annotations-2.0.21.jar (org.jetbrains.kotlin:kotlin-gradle-plugin-annotations:2.0.21) with MergeInstrumentationAnalysisTransform
Transforming kotlin-tooling-core-2.0.21.jar (org.jetbrains.kotlin:kotlin-tooling-core:2.0.21) with InstrumentationAnalysisTransform
Transforming kotlin-tooling-core-2.0.21.jar (org.jetbrains.kotlin:kotlin-tooling-core:2.0.21) with MergeInstrumentationAnalysisTransform
Transforming gson-2.8.9.jar (com.google.code.gson:gson:2.8.9) with InstrumentationAnalysisTransform
Transforming kotlin-gradle-plugin-model-2.0.21.jar (org.jetbrains.kotlin:kotlin-gradle-plugin-model:2.0.21) with ExternalDependencyInstrumentingArtifactTransform
Transforming gson-2.8.9.jar (com.google.code.gson:gson:2.8.9) with MergeInstrumentationAnalysisTransform
Transforming kotlin-reflect-1.9.23.jar (org.jetbrains.kotlin:kotlin-reflect:1.9.23) with ExternalDependencyInstrumentingArtifactTransform
Transforming kotlin-daemon-client-2.0.21.jar (org.jetbrains.kotlin:kotlin-daemon-client:2.0.21) with InstrumentationAnalysisTransform
Transforming kotlin-daemon-client-2.0.21.jar (org.jetbrains.kotlin:kotlin-daemon-client:2.0.21) with MergeInstrumentationAnalysisTransform
Transforming kotlinx-coroutines-core-jvm-1.6.4.jar (org.jetbrains.kotlinx:kotlinx-coroutines-core-jvm:1.6.4) with InstrumentationAnalysisTransform
Transforming kotlinx-coroutines-core-jvm-1.6.4.jar (org.jetbrains.kotlinx:kotlinx-coroutines-core-jvm:1.6.4) with MergeInstrumentationAnalysisTransform
Transforming kotlin-util-io-2.0.21.jar (org.jetbrains.kotlin:kotlin-util-io:2.0.21) with InstrumentationAnalysisTransform
Transforming annotations-13.0.jar (org.jetbrains:annotations:13.0) with ExternalDependencyInstrumentingArtifactTransform
Transforming kotlin-util-io-2.0.21.jar (org.jetbrains.kotlin:kotlin-util-io:2.0.21) with MergeInstrumentationAnalysisTransform
Transforming kotlin-daemon-embeddable-2.0.21.jar (org.jetbrains.kotlin:kotlin-daemon-embeddable:2.0.21) with InstrumentationAnalysisTransform
Transforming kotlin-daemon-embeddable-2.0.21.jar (org.jetbrains.kotlin:kotlin-daemon-embeddable:2.0.21) with MergeInstrumentationAnalysisTransform
Transforming trove4j-1.0.20200330.jar (org.jetbrains.intellij.deps:trove4j:1.0.20200330) with InstrumentationAnalysisTransform
Transforming trove4j-1.0.20200330.jar (org.jetbrains.intellij.deps:trove4j:1.0.20200330) with MergeInstrumentationAnalysisTransform
Transforming jgrapht-core-1.5.2.jar (org.jgrapht:jgrapht-core:1.5.2) with InstrumentationAnalysisTransform
Transforming jgrapht-core-1.5.2.jar (org.jgrapht:jgrapht-core:1.5.2) with MergeInstrumentationAnalysisTransform
Transforming kotlin-gradle-plugin-api-2.0.21.jar (org.jetbrains.kotlin:kotlin-gradle-plugin-api:2.0.21) with ExternalDependencyInstrumentingArtifactTransform
Transforming jheaps-0.14.jar (org.jheaps:jheaps:0.14) with InstrumentationAnalysisTransform
Transforming jheaps-0.14.jar (org.jheaps:jheaps:0.14) with MergeInstrumentationAnalysisTransform
Transforming apfloat-1.10.1.jar (org.apfloat:apfloat:1.10.1) with InstrumentationAnalysisTransform
Transforming apfloat-1.10.1.jar (org.apfloat:apfloat:1.10.1) with MergeInstrumentationAnalysisTransform
Transforming kotlin-serialization-2.0.21-gradle85.jar (org.jetbrains.kotlin:kotlin-serialization:2.0.21) with ExternalDependencyInstrumentingArtifactTransform
Transforming compose-compiler-gradle-plugin-2.0.21-gradle85.jar (org.jetbrains.kotlin:compose-compiler-gradle-plugin:2.0.21) with ExternalDependencyInstrumentingArtifactTransform
Transforming kotlin-gradle-plugin-api-2.0.21-gradle85.jar (org.jetbrains.kotlin:kotlin-gradle-plugin-api:2.0.21) with ExternalDependencyInstrumentingArtifactTransform
Transforming kotlin-gradle-plugin-2.0.21-gradle85.jar (org.jetbrains.kotlin:kotlin-gradle-plugin:2.0.21) with ExternalDependencyInstrumentingArtifactTransform
Transforming compose-gradle-plugin-1.7.3.jar (org.jetbrains.compose:compose-gradle-plugin:1.7.3) with ExternalDependencyInstrumentingArtifactTransform
Transforming kotlin-build-statistics-2.0.21.jar (org.jetbrains.kotlin:kotlin-build-statistics:2.0.21) with ExternalDependencyInstrumentingArtifactTransform
Transforming kotlin-gradle-plugin-annotations-2.0.21.jar (org.jetbrains.kotlin:kotlin-gradle-plugin-annotations:2.0.21) with ExternalDependencyInstrumentingArtifactTransform
Transforming kotlin-compiler-runner-2.0.21.jar (org.jetbrains.kotlin:kotlin-compiler-runner:2.0.21) with ExternalDependencyInstrumentingArtifactTransform
Transforming kotlin-gradle-plugin-idea-2.0.21.jar (org.jetbrains.kotlin:kotlin-gradle-plugin-idea:2.0.21) with ExternalDependencyInstrumentingArtifactTransform
Transforming kotlin-compiler-embeddable-2.0.21.jar (org.jetbrains.kotlin:kotlin-compiler-embeddable:2.0.21) with ExternalDependencyInstrumentingArtifactTransform
Transforming kotlin-build-tools-api-2.0.21.jar (org.jetbrains.kotlin:kotlin-build-tools-api:2.0.21) with ExternalDependencyInstrumentingArtifactTransform
Transforming kotlin-gradle-plugin-idea-proto-2.0.21.jar (org.jetbrains.kotlin:kotlin-gradle-plugin-idea-proto:2.0.21) with ExternalDependencyInstrumentingArtifactTransform
Transforming kotlin-klib-commonizer-api-2.0.21.jar (org.jetbrains.kotlin:kotlin-klib-commonizer-api:2.0.21) with ExternalDependencyInstrumentingArtifactTransform
Transforming kotlin-native-utils-2.0.21.jar (org.jetbrains.kotlin:kotlin-native-utils:2.0.21) with ExternalDependencyInstrumentingArtifactTransform
Transforming kotlin-tooling-core-2.0.21.jar (org.jetbrains.kotlin:kotlin-tooling-core:2.0.21) with ExternalDependencyInstrumentingArtifactTransform
Transforming gson-2.8.9.jar (com.google.code.gson:gson:2.8.9) with ExternalDependencyInstrumentingArtifactTransform
Transforming kotlin-util-klib-2.0.21.jar (org.jetbrains.kotlin:kotlin-util-klib:2.0.21) with ExternalDependencyInstrumentingArtifactTransform
Transforming kotlin-daemon-client-2.0.21.jar (org.jetbrains.kotlin:kotlin-daemon-client:2.0.21) with ExternalDependencyInstrumentingArtifactTransform
Transforming kotlinx-coroutines-core-jvm-1.6.4.jar (org.jetbrains.kotlinx:kotlinx-coroutines-core-jvm:1.6.4) with ExternalDependencyInstrumentingArtifactTransform
Transforming kotlin-util-io-2.0.21.jar (org.jetbrains.kotlin:kotlin-util-io:2.0.21) with ExternalDependencyInstrumentingArtifactTransform
Transforming jgrapht-core-1.5.2.jar (org.jgrapht:jgrapht-core:1.5.2) with ExternalDependencyInstrumentingArtifactTransform
Transforming kotlin-daemon-embeddable-2.0.21.jar (org.jetbrains.kotlin:kotlin-daemon-embeddable:2.0.21) with ExternalDependencyInstrumentingArtifactTransform
Transforming trove4j-1.0.20200330.jar (org.jetbrains.intellij.deps:trove4j:1.0.20200330) with ExternalDependencyInstrumentingArtifactTransform
Transforming apfloat-1.10.1.jar (org.apfloat:apfloat:1.10.1) with ExternalDependencyInstrumentingArtifactTransform
Transforming jheaps-0.14.jar (org.jheaps:jheaps:0.14) with ExternalDependencyInstrumentingArtifactTransform

> Configure project :app
Evaluating project ':app' using build file 'C:\Users\david\dev\robotics\ftc\ARES-Analytics\app\build.gradle.kts'.
Using Kotlin Gradle Plugin gradle85 variant
kotlin scripting plugin: created the scripting discovery configuration: kotlinScriptDef
kotlin scripting plugin: created the scripting discovery configuration: testKotlinScriptDef
Configure java-only compose resources
Configure compose resources generation
Configure Res class generation for main
Configure resource accessors generation for main
Configure resource accessors generation for test
Configure actual resource collectors generation for main
Configure main resources for '' target
Configure test resources for '' target
Check that new 'org.jetbrains.kotlin.plugin.compose' was applied

> Configure project :gateway
Evaluating project ':gateway' using build file 'C:\Users\david\dev\robotics\ftc\ARES-Analytics\gateway\build.gradle.kts'.
Transforming plugin-3.0.3.jar (io.ktor.plugin:plugin:3.0.3) with InstrumentationAnalysisTransform
Transforming shadow-gradle-plugin-8.3.5.jar (com.gradleup.shadow:shadow-gradle-plugin:8.3.5) with InstrumentationAnalysisTransform
Transforming log4j-core-2.24.1.jar (org.apache.logging.log4j:log4j-core:2.24.1) with InstrumentationAnalysisTransform
Transforming kotlin-stdlib-1.9.23.jar (org.jetbrains.kotlin:kotlin-stdlib:1.9.23) with InstrumentationAnalysisTransform
Transforming annotations-13.0.jar (org.jetbrains:annotations:13.0) with InstrumentationAnalysisTransform
Transforming jib-gradle-plugin-3.4.4.jar (com.google.cloud.tools:jib-gradle-plugin:3.4.4) with InstrumentationAnalysisTransform
Transforming native-gradle-plugin-0.10.3.jar (org.graalvm.buildtools:native-gradle-plugin:0.10.3) with InstrumentationAnalysisTransform
Transforming jdom2-2.0.6.1.jar (org.jdom:jdom2:2.0.6.1) with InstrumentationAnalysisTransform
Transforming asm-commons-9.7.1.jar (org.ow2.asm:asm-commons:9.7.1) with InstrumentationAnalysisTransform
Transforming commons-compress-1.26.0.jar (org.apache.commons:commons-compress:1.26.0) with InstrumentationAnalysisTransform
Transforming commons-io-2.17.0.jar (commons-io:commons-io:2.17.0) with InstrumentationAnalysisTransform
Transforming ant-1.10.15.jar (org.apache.ant:ant:1.10.15) with InstrumentationAnalysisTransform
Transforming plexus-utils-4.0.2.jar (org.codehaus.plexus:plexus-utils:4.0.2) with InstrumentationAnalysisTransform
Transforming plexus-xml-4.0.4.jar (org.codehaus.plexus:plexus-xml:4.0.4) with InstrumentationAnalysisTransform
Transforming jdependency-2.11.jar (org.vafer:jdependency:2.11) with InstrumentationAnalysisTransform
Transforming google-http-client-apache-v2-1.42.2.jar (com.google.http-client:google-http-client-apache-v2:1.42.2) with InstrumentationAnalysisTransform
Transforming google-auth-library-oauth2-http-1.10.0.jar (com.google.auth:google-auth-library-oauth2-http:1.10.0) with InstrumentationAnalysisTransform
Transforming google-http-client-gson-1.42.2.jar (com.google.http-client:google-http-client-gson:1.42.2) with InstrumentationAnalysisTransform
Transforming google-http-client-1.42.2.jar (com.google.http-client:google-http-client:1.42.2) with InstrumentationAnalysisTransform
Transforming opencensus-contrib-http-util-0.31.1.jar (io.opencensus:opencensus-contrib-http-util:0.31.1) with InstrumentationAnalysisTransform
Transforming guava-32.1.2-jre.jar (com.google.guava:guava:32.1.2-jre) with InstrumentationAnalysisTransform
Transforming utils-0.10.3.jar (org.graalvm.buildtools:utils:0.10.3) with InstrumentationAnalysisTransform
Transforming graalvm-reachability-metadata-0.10.3.jar (org.graalvm.buildtools:graalvm-reachability-metadata:0.10.3) with InstrumentationAnalysisTransform
Transforming jackson-datatype-jsr310-2.15.2.jar (com.fasterxml.jackson.datatype:jackson-datatype-jsr310:2.15.2) with InstrumentationAnalysisTransform
Transforming jackson-databind-2.15.2.jar (com.fasterxml.jackson.core:jackson-databind:2.15.2) with InstrumentationAnalysisTransform
Transforming jackson-annotations-2.15.2.jar (com.fasterxml.jackson.core:jackson-annotations:2.15.2) with InstrumentationAnalysisTransform
Transforming jackson-core-2.15.2.jar (com.fasterxml.jackson.core:jackson-core:2.15.2) with InstrumentationAnalysisTransform
Transforming asm-tree-9.7.1.jar (org.ow2.asm:asm-tree:9.7.1) with InstrumentationAnalysisTransform
Transforming asm-9.7.1.jar (org.ow2.asm:asm:9.7.1) with InstrumentationAnalysisTransform
Transforming jib-gradle-plugin-extension-api-0.4.0.jar (com.google.cloud.tools:jib-gradle-plugin-extension-api:0.4.0) with InstrumentationAnalysisTransform
Transforming jib-build-plan-0.4.0.jar (com.google.cloud.tools:jib-build-plan:0.4.0) with InstrumentationAnalysisTransform
Transforming jib-plugins-extension-common-0.2.0.jar (com.google.cloud.tools:jib-plugins-extension-common:0.2.0) with InstrumentationAnalysisTransform
Transforming ant-launcher-1.10.15.jar (org.apache.ant:ant-launcher:1.10.15) with InstrumentationAnalysisTransform
Transforming maven-xml-impl-4.0.0-alpha-9.jar (org.apache.maven:maven-xml-impl:4.0.0-alpha-9) with InstrumentationAnalysisTransform
Transforming log4j-api-2.24.1.jar (org.apache.logging.log4j:log4j-api:2.24.1) with InstrumentationAnalysisTransform
Transforming httpclient-4.5.13.jar (org.apache.httpcomponents:httpclient:4.5.13) with InstrumentationAnalysisTransform
Transforming httpcore-4.4.15.jar (org.apache.httpcomponents:httpcore:4.4.15) with InstrumentationAnalysisTransform
Transforming jsr305-3.0.2.jar (com.google.code.findbugs:jsr305:3.0.2) with InstrumentationAnalysisTransform
Transforming j2objc-annotations-2.8.jar (com.google.j2objc:j2objc-annotations:2.8) with InstrumentationAnalysisTransform
Transforming opencensus-api-0.31.1.jar (io.opencensus:opencensus-api:0.31.1) with InstrumentationAnalysisTransform
Transforming auto-value-annotations-1.9.jar (com.google.auto.value:auto-value-annotations:1.9) with InstrumentationAnalysisTransform
Transforming google-auth-library-credentials-1.10.0.jar (com.google.auth:google-auth-library-credentials:1.10.0) with InstrumentationAnalysisTransform
Transforming commons-lang3-3.14.0.jar (org.apache.commons:commons-lang3:3.14.0) with InstrumentationAnalysisTransform
Transforming failureaccess-1.0.1.jar (com.google.guava:failureaccess:1.0.1) with InstrumentationAnalysisTransform
Transforming listenablefuture-9999.0-empty-to-avoid-conflict-with-guava.jar (com.google.guava:listenablefuture:9999.0-empty-to-avoid-conflict-with-guava) with InstrumentationAnalysisTransform
Transforming checker-qual-3.33.0.jar (org.checkerframework:checker-qual:3.33.0) with InstrumentationAnalysisTransform
Transforming error_prone_annotations-2.18.0.jar (com.google.errorprone:error_prone_annotations:2.18.0) with InstrumentationAnalysisTransform
Transforming maven-api-xml-4.0.0-alpha-9.jar (org.apache.maven:maven-api-xml:4.0.0-alpha-9) with InstrumentationAnalysisTransform
Transforming woodstox-core-6.5.1.jar (com.fasterxml.woodstox:woodstox-core:6.5.1) with InstrumentationAnalysisTransform
Transforming commons-logging-1.2.jar (commons-logging:commons-logging:1.2) with InstrumentationAnalysisTransform
Transforming commons-codec-1.11.jar (commons-codec:commons-codec:1.11) with InstrumentationAnalysisTransform
Transforming grpc-context-1.27.2.jar (io.grpc:grpc-context:1.27.2) with InstrumentationAnalysisTransform
Transforming gson-2.9.0.jar (com.google.code.gson:gson:2.9.0) with InstrumentationAnalysisTransform
Transforming maven-api-meta-4.0.0-alpha-9.jar (org.apache.maven:maven-api-meta:4.0.0-alpha-9) with InstrumentationAnalysisTransform
Transforming stax2-api-4.2.1.jar (org.codehaus.woodstox:stax2-api:4.2.1) with InstrumentationAnalysisTransform
Transforming plugin-3.0.3.jar (io.ktor.plugin:plugin:3.0.3) with InstrumentationAnalysisTransform
Transforming plugin-3.0.3.jar (io.ktor.plugin:plugin:3.0.3) with MergeInstrumentationAnalysisTransform
Transforming shadow-gradle-plugin-8.3.5.jar (com.gradleup.shadow:shadow-gradle-plugin:8.3.5) with InstrumentationAnalysisTransform
Transforming shadow-gradle-plugin-8.3.5.jar (com.gradleup.shadow:shadow-gradle-plugin:8.3.5) with MergeInstrumentationAnalysisTransform
Transforming log4j-core-2.24.1.jar (org.apache.logging.log4j:log4j-core:2.24.1) with InstrumentationAnalysisTransform
Transforming log4j-core-2.24.1.jar (org.apache.logging.log4j:log4j-core:2.24.1) with MergeInstrumentationAnalysisTransform
Transforming kotlin-stdlib-1.9.23.jar (org.jetbrains.kotlin:kotlin-stdlib:1.9.23) with InstrumentationAnalysisTransform
Transforming kotlin-stdlib-1.9.23.jar (org.jetbrains.kotlin:kotlin-stdlib:1.9.23) with MergeInstrumentationAnalysisTransform
Transforming annotations-13.0.jar (org.jetbrains:annotations:13.0) with InstrumentationAnalysisTransform
Transforming annotations-13.0.jar (org.jetbrains:annotations:13.0) with MergeInstrumentationAnalysisTransform
Transforming jib-gradle-plugin-3.4.4.jar (com.google.cloud.tools:jib-gradle-plugin:3.4.4) with InstrumentationAnalysisTransform
Transforming jib-gradle-plugin-3.4.4.jar (com.google.cloud.tools:jib-gradle-plugin:3.4.4) with MergeInstrumentationAnalysisTransform
Transforming native-gradle-plugin-0.10.3.jar (org.graalvm.buildtools:native-gradle-plugin:0.10.3) with InstrumentationAnalysisTransform
Transforming native-gradle-plugin-0.10.3.jar (org.graalvm.buildtools:native-gradle-plugin:0.10.3) with MergeInstrumentationAnalysisTransform
Transforming jdom2-2.0.6.1.jar (org.jdom:jdom2:2.0.6.1) with InstrumentationAnalysisTransform
Transforming jdom2-2.0.6.1.jar (org.jdom:jdom2:2.0.6.1) with MergeInstrumentationAnalysisTransform
Transforming asm-commons-9.7.1.jar (org.ow2.asm:asm-commons:9.7.1) with InstrumentationAnalysisTransform
Transforming asm-commons-9.7.1.jar (org.ow2.asm:asm-commons:9.7.1) with MergeInstrumentationAnalysisTransform
Transforming commons-compress-1.26.0.jar (org.apache.commons:commons-compress:1.26.0) with InstrumentationAnalysisTransform
Transforming commons-compress-1.26.0.jar (org.apache.commons:commons-compress:1.26.0) with MergeInstrumentationAnalysisTransform
Transforming commons-io-2.17.0.jar (commons-io:commons-io:2.17.0) with InstrumentationAnalysisTransform
Transforming commons-io-2.17.0.jar (commons-io:commons-io:2.17.0) with MergeInstrumentationAnalysisTransform
Transforming log4j-core-2.24.1.jar (org.apache.logging.log4j:log4j-core:2.24.1) with ExternalDependencyInstrumentingArtifactTransform
Transforming ant-1.10.15.jar (org.apache.ant:ant:1.10.15) with InstrumentationAnalysisTransform
Transforming plugin-3.0.3.jar (io.ktor.plugin:plugin:3.0.3) with ExternalDependencyInstrumentingArtifactTransform
Transforming ant-1.10.15.jar (org.apache.ant:ant:1.10.15) with MergeInstrumentationAnalysisTransform
Transforming shadow-gradle-plugin-8.3.5.jar (com.gradleup.shadow:shadow-gradle-plugin:8.3.5) with ExternalDependencyInstrumentingArtifactTransform
Transforming kotlin-stdlib-1.9.23.jar (org.jetbrains.kotlin:kotlin-stdlib:1.9.23) with ExternalDependencyInstrumentingArtifactTransform
Transforming plexus-utils-4.0.2.jar (org.codehaus.plexus:plexus-utils:4.0.2) with InstrumentationAnalysisTransform
Transforming annotations-13.0.jar (org.jetbrains:annotations:13.0) with ExternalDependencyInstrumentingArtifactTransform
Transforming plexus-utils-4.0.2.jar (org.codehaus.plexus:plexus-utils:4.0.2) with MergeInstrumentationAnalysisTransform
Transforming plexus-xml-4.0.4.jar (org.codehaus.plexus:plexus-xml:4.0.4) with InstrumentationAnalysisTransform
Transforming plexus-xml-4.0.4.jar (org.codehaus.plexus:plexus-xml:4.0.4) with MergeInstrumentationAnalysisTransform
Transforming jdependency-2.11.jar (org.vafer:jdependency:2.11) with InstrumentationAnalysisTransform
Transforming jdependency-2.11.jar (org.vafer:jdependency:2.11) with MergeInstrumentationAnalysisTransform
Transforming google-http-client-apache-v2-1.42.2.jar (com.google.http-client:google-http-client-apache-v2:1.42.2) with InstrumentationAnalysisTransform
Transforming google-http-client-apache-v2-1.42.2.jar (com.google.http-client:google-http-client-apache-v2:1.42.2) with MergeInstrumentationAnalysisTransform
Transforming google-auth-library-oauth2-http-1.10.0.jar (com.google.auth:google-auth-library-oauth2-http:1.10.0) with InstrumentationAnalysisTransform
Transforming google-auth-library-oauth2-http-1.10.0.jar (com.google.auth:google-auth-library-oauth2-http:1.10.0) with MergeInstrumentationAnalysisTransform
Transforming google-http-client-gson-1.42.2.jar (com.google.http-client:google-http-client-gson:1.42.2) with InstrumentationAnalysisTransform
Transforming google-http-client-gson-1.42.2.jar (com.google.http-client:google-http-client-gson:1.42.2) with MergeInstrumentationAnalysisTransform
Transforming google-http-client-1.42.2.jar (com.google.http-client:google-http-client:1.42.2) with InstrumentationAnalysisTransform
Transforming google-http-client-1.42.2.jar (com.google.http-client:google-http-client:1.42.2) with MergeInstrumentationAnalysisTransform
Transforming opencensus-contrib-http-util-0.31.1.jar (io.opencensus:opencensus-contrib-http-util:0.31.1) with InstrumentationAnalysisTransform
Transforming opencensus-contrib-http-util-0.31.1.jar (io.opencensus:opencensus-contrib-http-util:0.31.1) with MergeInstrumentationAnalysisTransform
Transforming guava-32.1.2-jre.jar (com.google.guava:guava:32.1.2-jre) with InstrumentationAnalysisTransform
Transforming guava-32.1.2-jre.jar (com.google.guava:guava:32.1.2-jre) with MergeInstrumentationAnalysisTransform
Transforming native-gradle-plugin-0.10.3.jar (org.graalvm.buildtools:native-gradle-plugin:0.10.3) with ExternalDependencyInstrumentingArtifactTransform
Transforming jdom2-2.0.6.1.jar (org.jdom:jdom2:2.0.6.1) with ExternalDependencyInstrumentingArtifactTransform
Transforming utils-0.10.3.jar (org.graalvm.buildtools:utils:0.10.3) with InstrumentationAnalysisTransform
Transforming utils-0.10.3.jar (org.graalvm.buildtools:utils:0.10.3) with MergeInstrumentationAnalysisTransform
Transforming graalvm-reachability-metadata-0.10.3.jar (org.graalvm.buildtools:graalvm-reachability-metadata:0.10.3) with InstrumentationAnalysisTransform
Transforming graalvm-reachability-metadata-0.10.3.jar (org.graalvm.buildtools:graalvm-reachability-metadata:0.10.3) with MergeInstrumentationAnalysisTransform
Transforming jackson-datatype-jsr310-2.15.2.jar (com.fasterxml.jackson.datatype:jackson-datatype-jsr310:2.15.2) with InstrumentationAnalysisTransform
Transforming jackson-datatype-jsr310-2.15.2.jar (com.fasterxml.jackson.datatype:jackson-datatype-jsr310:2.15.2) with MergeInstrumentationAnalysisTransform
Transforming jackson-databind-2.15.2.jar (com.fasterxml.jackson.core:jackson-databind:2.15.2) with InstrumentationAnalysisTransform
Transforming jackson-databind-2.15.2.jar (com.fasterxml.jackson.core:jackson-databind:2.15.2) with MergeInstrumentationAnalysisTransform
Transforming jackson-annotations-2.15.2.jar (com.fasterxml.jackson.core:jackson-annotations:2.15.2) with InstrumentationAnalysisTransform
Transforming jackson-annotations-2.15.2.jar (com.fasterxml.jackson.core:jackson-annotations:2.15.2) with MergeInstrumentationAnalysisTransform
Transforming jackson-core-2.15.2.jar (com.fasterxml.jackson.core:jackson-core:2.15.2) with InstrumentationAnalysisTransform
Transforming jackson-core-2.15.2.jar (com.fasterxml.jackson.core:jackson-core:2.15.2) with MergeInstrumentationAnalysisTransform
Transforming asm-tree-9.7.1.jar (org.ow2.asm:asm-tree:9.7.1) with InstrumentationAnalysisTransform
Transforming asm-tree-9.7.1.jar (org.ow2.asm:asm-tree:9.7.1) with MergeInstrumentationAnalysisTransform
Transforming asm-9.7.1.jar (org.ow2.asm:asm:9.7.1) with InstrumentationAnalysisTransform
Transforming asm-9.7.1.jar (org.ow2.asm:asm:9.7.1) with MergeInstrumentationAnalysisTransform
Transforming jib-gradle-plugin-extension-api-0.4.0.jar (com.google.cloud.tools:jib-gradle-plugin-extension-api:0.4.0) with InstrumentationAnalysisTransform
Transforming jib-gradle-plugin-extension-api-0.4.0.jar (com.google.cloud.tools:jib-gradle-plugin-extension-api:0.4.0) with MergeInstrumentationAnalysisTransform
Transforming jib-build-plan-0.4.0.jar (com.google.cloud.tools:jib-build-plan:0.4.0) with InstrumentationAnalysisTransform
Transforming jib-gradle-plugin-3.4.4.jar (com.google.cloud.tools:jib-gradle-plugin:3.4.4) with ExternalDependencyInstrumentingArtifactTransform
Transforming jib-build-plan-0.4.0.jar (com.google.cloud.tools:jib-build-plan:0.4.0) with MergeInstrumentationAnalysisTransform
Transforming jib-plugins-extension-common-0.2.0.jar (com.google.cloud.tools:jib-plugins-extension-common:0.2.0) with InstrumentationAnalysisTransform
Transforming jib-plugins-extension-common-0.2.0.jar (com.google.cloud.tools:jib-plugins-extension-common:0.2.0) with MergeInstrumentationAnalysisTransform
Transforming asm-commons-9.7.1.jar (org.ow2.asm:asm-commons:9.7.1) with ExternalDependencyInstrumentingArtifactTransform
Transforming ant-launcher-1.10.15.jar (org.apache.ant:ant-launcher:1.10.15) with InstrumentationAnalysisTransform
Transforming ant-launcher-1.10.15.jar (org.apache.ant:ant-launcher:1.10.15) with MergeInstrumentationAnalysisTransform
Transforming maven-xml-impl-4.0.0-alpha-9.jar (org.apache.maven:maven-xml-impl:4.0.0-alpha-9) with InstrumentationAnalysisTransform
Transforming maven-xml-impl-4.0.0-alpha-9.jar (org.apache.maven:maven-xml-impl:4.0.0-alpha-9) with MergeInstrumentationAnalysisTransform
Transforming log4j-api-2.24.1.jar (org.apache.logging.log4j:log4j-api:2.24.1) with InstrumentationAnalysisTransform
Transforming commons-io-2.17.0.jar (commons-io:commons-io:2.17.0) with ExternalDependencyInstrumentingArtifactTransform
Transforming log4j-api-2.24.1.jar (org.apache.logging.log4j:log4j-api:2.24.1) with MergeInstrumentationAnalysisTransform
Transforming httpclient-4.5.13.jar (org.apache.httpcomponents:httpclient:4.5.13) with InstrumentationAnalysisTransform
Transforming httpclient-4.5.13.jar (org.apache.httpcomponents:httpclient:4.5.13) with MergeInstrumentationAnalysisTransform
Transforming httpcore-4.4.15.jar (org.apache.httpcomponents:httpcore:4.4.15) with InstrumentationAnalysisTransform
Transforming httpcore-4.4.15.jar (org.apache.httpcomponents:httpcore:4.4.15) with MergeInstrumentationAnalysisTransform
Transforming jsr305-3.0.2.jar (com.google.code.findbugs:jsr305:3.0.2) with InstrumentationAnalysisTransform
Transforming jsr305-3.0.2.jar (com.google.code.findbugs:jsr305:3.0.2) with MergeInstrumentationAnalysisTransform
Transforming commons-compress-1.26.0.jar (org.apache.commons:commons-compress:1.26.0) with ExternalDependencyInstrumentingArtifactTransform
Transforming j2objc-annotations-2.8.jar (com.google.j2objc:j2objc-annotations:2.8) with InstrumentationAnalysisTransform
Transforming j2objc-annotations-2.8.jar (com.google.j2objc:j2objc-annotations:2.8) with MergeInstrumentationAnalysisTransform
Transforming opencensus-api-0.31.1.jar (io.opencensus:opencensus-api:0.31.1) with InstrumentationAnalysisTransform
Transforming opencensus-api-0.31.1.jar (io.opencensus:opencensus-api:0.31.1) with MergeInstrumentationAnalysisTransform
Transforming auto-value-annotations-1.9.jar (com.google.auto.value:auto-value-annotations:1.9) with InstrumentationAnalysisTransform
Transforming auto-value-annotations-1.9.jar (com.google.auto.value:auto-value-annotations:1.9) with MergeInstrumentationAnalysisTransform
Transforming google-auth-library-credentials-1.10.0.jar (com.google.auth:google-auth-library-credentials:1.10.0) with InstrumentationAnalysisTransform
Transforming google-auth-library-credentials-1.10.0.jar (com.google.auth:google-auth-library-credentials:1.10.0) with MergeInstrumentationAnalysisTransform
Transforming commons-lang3-3.14.0.jar (org.apache.commons:commons-lang3:3.14.0) with InstrumentationAnalysisTransform
Transforming commons-lang3-3.14.0.jar (org.apache.commons:commons-lang3:3.14.0) with MergeInstrumentationAnalysisTransform
Transforming failureaccess-1.0.1.jar (com.google.guava:failureaccess:1.0.1) with InstrumentationAnalysisTransform
Transforming failureaccess-1.0.1.jar (com.google.guava:failureaccess:1.0.1) with MergeInstrumentationAnalysisTransform
Transforming listenablefuture-9999.0-empty-to-avoid-conflict-with-guava.jar (com.google.guava:listenablefuture:9999.0-empty-to-avoid-conflict-with-guava) with InstrumentationAnalysisTransform
Transforming ant-1.10.15.jar (org.apache.ant:ant:1.10.15) with ExternalDependencyInstrumentingArtifactTransform
Transforming listenablefuture-9999.0-empty-to-avoid-conflict-with-guava.jar (com.google.guava:listenablefuture:9999.0-empty-to-avoid-conflict-with-guava) with MergeInstrumentationAnalysisTransform
Transforming google-http-client-apache-v2-1.42.2.jar (com.google.http-client:google-http-client-apache-v2:1.42.2) with ExternalDependencyInstrumentingArtifactTransform
Transforming checker-qual-3.33.0.jar (org.checkerframework:checker-qual:3.33.0) with InstrumentationAnalysisTransform
Transforming checker-qual-3.33.0.jar (org.checkerframework:checker-qual:3.33.0) with MergeInstrumentationAnalysisTransform
Transforming error_prone_annotations-2.18.0.jar (com.google.errorprone:error_prone_annotations:2.18.0) with InstrumentationAnalysisTransform
Transforming error_prone_annotations-2.18.0.jar (com.google.errorprone:error_prone_annotations:2.18.0) with MergeInstrumentationAnalysisTransform
Transforming maven-api-xml-4.0.0-alpha-9.jar (org.apache.maven:maven-api-xml:4.0.0-alpha-9) with InstrumentationAnalysisTransform
Transforming maven-api-xml-4.0.0-alpha-9.jar (org.apache.maven:maven-api-xml:4.0.0-alpha-9) with MergeInstrumentationAnalysisTransform
Transforming woodstox-core-6.5.1.jar (com.fasterxml.woodstox:woodstox-core:6.5.1) with InstrumentationAnalysisTransform
Transforming jdependency-2.11.jar (org.vafer:jdependency:2.11) with ExternalDependencyInstrumentingArtifactTransform
Transforming woodstox-core-6.5.1.jar (com.fasterxml.woodstox:woodstox-core:6.5.1) with MergeInstrumentationAnalysisTransform
Transforming commons-logging-1.2.jar (commons-logging:commons-logging:1.2) with InstrumentationAnalysisTransform
Transforming commons-logging-1.2.jar (commons-logging:commons-logging:1.2) with MergeInstrumentationAnalysisTransform
Transforming commons-codec-1.11.jar (commons-codec:commons-codec:1.11) with InstrumentationAnalysisTransform
Transforming commons-codec-1.11.jar (commons-codec:commons-codec:1.11) with MergeInstrumentationAnalysisTransform
Transforming grpc-context-1.27.2.jar (io.grpc:grpc-context:1.27.2) with InstrumentationAnalysisTransform
Transforming grpc-context-1.27.2.jar (io.grpc:grpc-context:1.27.2) with MergeInstrumentationAnalysisTransform
Transforming gson-2.9.0.jar (com.google.code.gson:gson:2.9.0) with InstrumentationAnalysisTransform
Transforming gson-2.9.0.jar (com.google.code.gson:gson:2.9.0) with MergeInstrumentationAnalysisTransform
Transforming maven-api-meta-4.0.0-alpha-9.jar (org.apache.maven:maven-api-meta:4.0.0-alpha-9) with InstrumentationAnalysisTransform
Transforming maven-api-meta-4.0.0-alpha-9.jar (org.apache.maven:maven-api-meta:4.0.0-alpha-9) with MergeInstrumentationAnalysisTransform
Transforming stax2-api-4.2.1.jar (org.codehaus.woodstox:stax2-api:4.2.1) with InstrumentationAnalysisTransform
Transforming stax2-api-4.2.1.jar (org.codehaus.woodstox:stax2-api:4.2.1) with MergeInstrumentationAnalysisTransform
Transforming google-auth-library-oauth2-http-1.10.0.jar (com.google.auth:google-auth-library-oauth2-http:1.10.0) with ExternalDependencyInstrumentingArtifactTransform
Transforming plexus-xml-4.0.4.jar (org.codehaus.plexus:plexus-xml:4.0.4) with ExternalDependencyInstrumentingArtifactTransform
Transforming google-http-client-gson-1.42.2.jar (com.google.http-client:google-http-client-gson:1.42.2) with ExternalDependencyInstrumentingArtifactTransform
Transforming plexus-utils-4.0.2.jar (org.codehaus.plexus:plexus-utils:4.0.2) with ExternalDependencyInstrumentingArtifactTransform
Transforming google-http-client-1.42.2.jar (com.google.http-client:google-http-client:1.42.2) with ExternalDependencyInstrumentingArtifactTransform
Transforming utils-0.10.3.jar (org.graalvm.buildtools:utils:0.10.3) with ExternalDependencyInstrumentingArtifactTransform
Transforming graalvm-reachability-metadata-0.10.3.jar (org.graalvm.buildtools:graalvm-reachability-metadata:0.10.3) with ExternalDependencyInstrumentingArtifactTransform
Transforming jackson-datatype-jsr310-2.15.2.jar (com.fasterxml.jackson.datatype:jackson-datatype-jsr310:2.15.2) with ExternalDependencyInstrumentingArtifactTransform
Transforming guava-32.1.2-jre.jar (com.google.guava:guava:32.1.2-jre) with ExternalDependencyInstrumentingArtifactTransform
Transforming jackson-databind-2.15.2.jar (com.fasterxml.jackson.core:jackson-databind:2.15.2) with ExternalDependencyInstrumentingArtifactTransform
Transforming opencensus-contrib-http-util-0.31.1.jar (io.opencensus:opencensus-contrib-http-util:0.31.1) with ExternalDependencyInstrumentingArtifactTransform
Transforming asm-tree-9.7.1.jar (org.ow2.asm:asm-tree:9.7.1) with ExternalDependencyInstrumentingArtifactTransform
Transforming jib-gradle-plugin-extension-api-0.4.0.jar (com.google.cloud.tools:jib-gradle-plugin-extension-api:0.4.0) with ExternalDependencyInstrumentingArtifactTransform
Transforming asm-9.7.1.jar (org.ow2.asm:asm:9.7.1) with ExternalDependencyInstrumentingArtifactTransform
Transforming maven-xml-impl-4.0.0-alpha-9.jar (org.apache.maven:maven-xml-impl:4.0.0-alpha-9) with ExternalDependencyInstrumentingArtifactTransform
Transforming jackson-core-2.15.2.jar (com.fasterxml.jackson.core:jackson-core:2.15.2) with ExternalDependencyInstrumentingArtifactTransform
Transforming log4j-api-2.24.1.jar (org.apache.logging.log4j:log4j-api:2.24.1) with ExternalDependencyInstrumentingArtifactTransform
Transforming jib-build-plan-0.4.0.jar (com.google.cloud.tools:jib-build-plan:0.4.0) with ExternalDependencyInstrumentingArtifactTransform
Transforming jackson-annotations-2.15.2.jar (com.fasterxml.jackson.core:jackson-annotations:2.15.2) with ExternalDependencyInstrumentingArtifactTransform
Transforming jib-plugins-extension-common-0.2.0.jar (com.google.cloud.tools:jib-plugins-extension-common:0.2.0) with ExternalDependencyInstrumentingArtifactTransform
Transforming ant-launcher-1.10.15.jar (org.apache.ant:ant-launcher:1.10.15) with ExternalDependencyInstrumentingArtifactTransform
Transforming httpcore-4.4.15.jar (org.apache.httpcomponents:httpcore:4.4.15) with ExternalDependencyInstrumentingArtifactTransform
Transforming jsr305-3.0.2.jar (com.google.code.findbugs:jsr305:3.0.2) with ExternalDependencyInstrumentingArtifactTransform
Transforming j2objc-annotations-2.8.jar (com.google.j2objc:j2objc-annotations:2.8) with ExternalDependencyInstrumentingArtifactTransform
Transforming opencensus-api-0.31.1.jar (io.opencensus:opencensus-api:0.31.1) with ExternalDependencyInstrumentingArtifactTransform
Transforming httpclient-4.5.13.jar (org.apache.httpcomponents:httpclient:4.5.13) with ExternalDependencyInstrumentingArtifactTransform
Transforming auto-value-annotations-1.9.jar (com.google.auto.value:auto-value-annotations:1.9) with ExternalDependencyInstrumentingArtifactTransform
Transforming failureaccess-1.0.1.jar (com.google.guava:failureaccess:1.0.1) with ExternalDependencyInstrumentingArtifactTransform
Transforming listenablefuture-9999.0-empty-to-avoid-conflict-with-guava.jar (com.google.guava:listenablefuture:9999.0-empty-to-avoid-conflict-with-guava) with ExternalDependencyInstrumentingArtifactTransform
Transforming error_prone_annotations-2.18.0.jar (com.google.errorprone:error_prone_annotations:2.18.0) with ExternalDependencyInstrumentingArtifactTransform
Transforming maven-api-xml-4.0.0-alpha-9.jar (org.apache.maven:maven-api-xml:4.0.0-alpha-9) with ExternalDependencyInstrumentingArtifactTransform
Transforming commons-lang3-3.14.0.jar (org.apache.commons:commons-lang3:3.14.0) with ExternalDependencyInstrumentingArtifactTransform
Transforming checker-qual-3.33.0.jar (org.checkerframework:checker-qual:3.33.0) with ExternalDependencyInstrumentingArtifactTransform
Transforming google-auth-library-credentials-1.10.0.jar (com.google.auth:google-auth-library-credentials:1.10.0) with ExternalDependencyInstrumentingArtifactTransform
Transforming woodstox-core-6.5.1.jar (com.fasterxml.woodstox:woodstox-core:6.5.1) with ExternalDependencyInstrumentingArtifactTransform
Transforming commons-logging-1.2.jar (commons-logging:commons-logging:1.2) with ExternalDependencyInstrumentingArtifactTransform
Transforming commons-codec-1.11.jar (commons-codec:commons-codec:1.11) with ExternalDependencyInstrumentingArtifactTransform
Transforming grpc-context-1.27.2.jar (io.grpc:grpc-context:1.27.2) with ExternalDependencyInstrumentingArtifactTransform
Transforming gson-2.9.0.jar (com.google.code.gson:gson:2.9.0) with ExternalDependencyInstrumentingArtifactTransform
Transforming stax2-api-4.2.1.jar (org.codehaus.woodstox:stax2-api:4.2.1) with ExternalDependencyInstrumentingArtifactTransform
Transforming maven-api-meta-4.0.0-alpha-9.jar (org.apache.maven:maven-api-meta:4.0.0-alpha-9) with ExternalDependencyInstrumentingArtifactTransform
Using Kotlin Gradle Plugin gradle85 variant
kotlin scripting plugin: created the scripting discovery configuration: kotlinScriptDef
kotlin scripting plugin: created the scripting discovery configuration: testKotlinScriptDef

> Configure project :shared
Evaluating project ':shared' using build file 'C:\Users\david\dev\robotics\ftc\ARES-Analytics\shared\build.gradle.kts'.
Using Kotlin Gradle Plugin gradle85 variant
kotlin scripting plugin: created the scripting discovery configuration: kotlinScriptDef
kotlin scripting plugin: created the scripting discovery configuration: testKotlinScriptDef
All projects evaluated.
Task path ':app:test' matched project ':app'
Task name matched 'test'
Selected primary task 'test' from project :app
Tasks to be executed: [task ':app:checkKotlinGradlePluginConfigurationErrors', task ':app:convertXmlValueResourcesForMain', task ':app:copyNonXmlValueResourcesForMain', task ':app:prepareComposeResourcesTaskForMain', task ':app:generateResourceAccessorsForMain', task ':app:generateActualResourceCollectorsForMain', task ':app:generateComposeResClass', task ':app:generateMainAresDatabaseInterface', task ':shared:checkKotlinGradlePluginConfigurationErrors', task ':shared:compileKotlin', task ':shared:compileJava', task ':shared:processResources', task ':shared:classes', task ':shared:jar', task ':app:compileKotlin', task ':app:compileJava', task ':app:assembleMainResources', task ':app:processResources', task ':app:classes', task ':app:jar', task ':app:convertXmlValueResourcesForTest', task ':app:copyNonXmlValueResourcesForTest', task ':app:prepareComposeResourcesTaskForTest', task ':app:generateResourceAccessorsForTest', task ':app:compileTestKotlin', task ':app:compileTestJava', task ':app:assembleTestResources', task ':app:processTestResources', task ':app:testClasses', task ':app:test']
Tasks that were excluded: []
Resolve mutations for :app:checkKotlinGradlePluginConfigurationErrors (Thread[Execution worker,5,main]) started.
Resolve mutations for :shared:checkKotlinGradlePluginConfigurationErrors (Thread[Execution worker Thread 15,5,main]) started.
:shared:checkKotlinGradlePluginConfigurationErrors (Thread[Execution worker Thread 15,5,main]) started.
:app:checkKotlinGradlePluginConfigurationErrors (Thread[Execution worker,5,main]) started.

> Task :app:checkKotlinGradlePluginConfigurationErrors SKIPPED
Skipping task ':app:checkKotlinGradlePluginConfigurationErrors' as task onlyIf 'errorDiagnostics are present' is false.

> Task :shared:checkKotlinGradlePluginConfigurationErrors SKIPPED
Skipping task ':shared:checkKotlinGradlePluginConfigurationErrors' as task onlyIf 'errorDiagnostics are present' is false.
Resolve mutations for :app:convertXmlValueResourcesForMain (Thread[Execution worker,5,main]) started.
Resolve mutations for :shared:compileKotlin (Thread[Execution worker Thread 15,5,main]) started.
:shared:compileKotlin (Thread[Execution worker Thread 15,5,main]) started.
:app:convertXmlValueResourcesForMain (Thread[Execution worker,5,main]) started.

> Task :app:convertXmlValueResourcesForMain NO-SOURCE
file or directory 'C:\Users\david\dev\robotics\ftc\ARES-Analytics\app\build\generated\compose\resourceGenerator\preparedResources\main\composeResources', not found
Skipping task ':app:convertXmlValueResourcesForMain' as it has no source files and no previous output files.
Resolve mutations for :app:copyNonXmlValueResourcesForMain (Thread[Execution worker,5,main]) started.
:app:copyNonXmlValueResourcesForMain (Thread[Execution worker,5,main]) started.

> Task :app:copyNonXmlValueResourcesForMain NO-SOURCE
file or directory 'C:\Users\david\dev\robotics\ftc\ARES-Analytics\app\build\generated\compose\resourceGenerator\preparedResources\main\composeResources', not found
Skipping task ':app:copyNonXmlValueResourcesForMain' as it has no source files and no previous output files.
Resolve mutations for :app:prepareComposeResourcesTaskForMain (Thread[Execution worker,5,main]) started.
:app:prepareComposeResourcesTaskForMain (Thread[Execution worker,5,main]) started.

> Task :app:prepareComposeResourcesTaskForMain NO-SOURCE
Skipping task ':app:prepareComposeResourcesTaskForMain' as it has no source files and no previous output files.
Resolve mutations for :app:generateResourceAccessorsForMain (Thread[Execution worker,5,main]) started.
:app:generateResourceAccessorsForMain (Thread[Execution worker,5,main]) started.

> Task :app:generateResourceAccessorsForMain SKIPPED
Skipping task ':app:generateResourceAccessorsForMain' as task onlyIf 'Task satisfies onlyIf spec' is false.
Resolve mutations for :app:generateActualResourceCollectorsForMain (Thread[Execution worker,5,main]) started.
:app:generateActualResourceCollectorsForMain (Thread[Execution worker,5,main]) started.

> Task :app:generateActualResourceCollectorsForMain SKIPPED
Skipping task ':app:generateActualResourceCollectorsForMain' as task onlyIf 'Task satisfies onlyIf spec' is false.
Resolve mutations for :app:generateComposeResClass (Thread[Execution worker,5,main]) started.
:app:generateComposeResClass (Thread[Execution worker,5,main]) started.

> Task :app:generateComposeResClass SKIPPED
Skipping task ':app:generateComposeResClass' as task onlyIf 'Task satisfies onlyIf spec' is false.
Resolve mutations for :app:generateMainAresDatabaseInterface (Thread[Execution worker,5,main]) started.
:app:generateMainAresDatabaseInterface (Thread[Execution worker,5,main]) started.

> Task :app:generateMainAresDatabaseInterface UP-TO-DATE
Build cache key for task ':app:generateMainAresDatabaseInterface' is 5e473f889ce48c6138512690f1e844b4
Skipping task ':app:generateMainAresDatabaseInterface' as it is up-to-date.
Resolve mutations for :app:assembleMainResources (Thread[Execution worker,5,main]) started.
:app:assembleMainResources (Thread[Execution worker,5,main]) started.

> Task :shared:compileKotlin UP-TO-DATE
Transforming kotlinx-serialization-core-jvm-1.7.3.jar with BuildToolsApiClasspathEntrySnapshotTransform
Transforming kotlinx-serialization-json-jvm-1.7.3.jar with BuildToolsApiClasspathEntrySnapshotTransform
Transforming kotlin-stdlib-2.0.21.jar with BuildToolsApiClasspathEntrySnapshotTransform
Transforming annotations-13.0.jar with BuildToolsApiClasspathEntrySnapshotTransform
Build cache key for task ':shared:compileKotlin' is 184d68e4dd480451ed083b106ce112a7
Skipping task ':shared:compileKotlin' as it is up-to-date.
Resolve mutations for :shared:compileJava (Thread[Execution worker Thread 15,5,main]) started.

> Task :app:assembleMainResources UP-TO-DATE
Caching disabled for task ':app:assembleMainResources' because:
  There is no logic, just copy files
Skipping task ':app:assembleMainResources' as it is up-to-date.
Resolve mutations for :app:processResources (Thread[Execution worker,5,main]) started.
:shared:compileJava (Thread[Execution worker Thread 15,5,main]) started.
:app:processResources (Thread[Execution worker,5,main]) started.

> Task :shared:compileJava NO-SOURCE
Skipping task ':shared:compileJava' as it has no source files and no previous output files.
Resolve mutations for :shared:processResources (Thread[Execution worker Thread 15,5,main]) started.
:shared:processResources (Thread[Execution worker Thread 15,5,main]) started.

> Task :shared:processResources NO-SOURCE
Skipping task ':shared:processResources' as it has no source files and no previous output files.
Resolve mutations for :shared:classes (Thread[Execution worker Thread 15,5,main]) started.
:shared:classes (Thread[Execution worker Thread 15,5,main]) started.

> Task :shared:classes UP-TO-DATE
Skipping task ':shared:classes' as it has no actions.
Resolve mutations for :shared:jar (Thread[Execution worker Thread 15,5,main]) started.
:shared:jar (Thread[Execution worker Thread 15,5,main]) started.

> Task :app:processResources UP-TO-DATE
Caching disabled for task ':app:processResources' because:
  Not worth caching
Skipping task ':app:processResources' as it is up-to-date.
Resolve mutations for :app:convertXmlValueResourcesForTest (Thread[Execution worker,5,main]) started.
:app:convertXmlValueResourcesForTest (Thread[Execution worker,5,main]) started.

> Task :app:convertXmlValueResourcesForTest NO-SOURCE
file or directory 'C:\Users\david\dev\robotics\ftc\ARES-Analytics\app\build\generated\compose\resourceGenerator\preparedResources\test\composeResources', not found
Skipping task ':app:convertXmlValueResourcesForTest' as it has no source files and no previous output files.
Resolve mutations for :app:copyNonXmlValueResourcesForTest (Thread[Execution worker,5,main]) started.
:app:copyNonXmlValueResourcesForTest (Thread[Execution worker,5,main]) started.

> Task :app:copyNonXmlValueResourcesForTest NO-SOURCE
file or directory 'C:\Users\david\dev\robotics\ftc\ARES-Analytics\app\build\generated\compose\resourceGenerator\preparedResources\test\composeResources', not found
Skipping task ':app:copyNonXmlValueResourcesForTest' as it has no source files and no previous output files.
Resolve mutations for :app:prepareComposeResourcesTaskForTest (Thread[Execution worker,5,main]) started.
:app:prepareComposeResourcesTaskForTest (Thread[Execution worker,5,main]) started.

> Task :app:prepareComposeResourcesTaskForTest NO-SOURCE
Skipping task ':app:prepareComposeResourcesTaskForTest' as it has no source files and no previous output files.
Resolve mutations for :app:generateResourceAccessorsForTest (Thread[Execution worker,5,main]) started.
:app:generateResourceAccessorsForTest (Thread[Execution worker,5,main]) started.

> Task :app:generateResourceAccessorsForTest SKIPPED
Skipping task ':app:generateResourceAccessorsForTest' as task onlyIf 'Task satisfies onlyIf spec' is false.
Resolve mutations for :app:assembleTestResources (Thread[Execution worker,5,main]) started.
:app:assembleTestResources (Thread[Execution worker,5,main]) started.

> Task :app:assembleTestResources UP-TO-DATE
Caching disabled for task ':app:assembleTestResources' because:
  There is no logic, just copy files
Skipping task ':app:assembleTestResources' as it is up-to-date.
Resolve mutations for :app:processTestResources (Thread[Execution worker,5,main]) started.
:app:processTestResources (Thread[Execution worker,5,main]) started.

> Task :app:processTestResources UP-TO-DATE
Caching disabled for task ':app:processTestResources' because:
  Not worth caching
Skipping task ':app:processTestResources' as it is up-to-date.

> Task :shared:jar UP-TO-DATE
Caching disabled for task ':shared:jar' because:
  Not worth caching
Skipping task ':shared:jar' as it is up-to-date.
work action resolve shared-1.0.0-SNAPSHOT.jar (project :shared) (Thread[Execution worker Thread 15,5,main]) started.
Resolve mutations for :app:compileKotlin (Thread[Execution worker Thread 15,5,main]) started.
:app:compileKotlin (Thread[Execution worker Thread 15,5,main]) started.

> Task :app:compileKotlin UP-TO-DATE
Transforming sqlite-driver-2.0.2.jar with BuildToolsApiClasspathEntrySnapshotTransform
Transforming jdbc-driver-2.0.2.jar with BuildToolsApiClasspathEntrySnapshotTransform
Transforming shared-1.0.0-SNAPSHOT.jar with BuildToolsApiClasspathEntrySnapshotTransform
Transforming runtime-jvm-2.0.2.jar with BuildToolsApiClasspathEntrySnapshotTransform
Transforming ktor-client-cio-jvm-3.0.3.jar with BuildToolsApiClasspathEntrySnapshotTransform
Transforming ktor-client-websockets-jvm-3.0.3.jar with BuildToolsApiClasspathEntrySnapshotTransform
Transforming ktor-client-content-negotiation-jvm-3.0.3.jar with BuildToolsApiClasspathEntrySnapshotTransform
Transforming ktor-serialization-kotlinx-json-jvm-3.0.3.jar with BuildToolsApiClasspathEntrySnapshotTransform
Transforming ktor-server-cio-jvm-3.0.3.jar with BuildToolsApiClasspathEntrySnapshotTransform
Transforming ktor-server-core-jvm-3.0.3.jar with BuildToolsApiClasspathEntrySnapshotTransform
Transforming kotlinx-serialization-json-io-jvm-1.7.3.jar with BuildToolsApiClasspathEntrySnapshotTransform
Transforming ktor-client-core-jvm-3.0.3.jar with BuildToolsApiClasspathEntrySnapshotTransform
Transforming ktor-http-cio-jvm-3.0.3.jar with BuildToolsApiClasspathEntrySnapshotTransform
Transforming ktor-serialization-kotlinx-jvm-3.0.3.jar with BuildToolsApiClasspathEntrySnapshotTransform
Transforming ktor-websocket-serialization-jvm-3.0.3.jar with BuildToolsApiClasspathEntrySnapshotTransform
Transforming ktor-serialization-jvm-3.0.3.jar with BuildToolsApiClasspathEntrySnapshotTransform
Transforming ktor-websockets-jvm-3.0.3.jar with BuildToolsApiClasspathEntrySnapshotTransform
Transforming ktor-network-tls-jvm-3.0.3.jar with BuildToolsApiClasspathEntrySnapshotTransform
Transforming ktor-events-jvm-3.0.3.jar with BuildToolsApiClasspathEntrySnapshotTransform
Transforming ktor-sse-jvm-3.0.3.jar with BuildToolsApiClasspathEntrySnapshotTransform
Transforming ktor-http-jvm-3.0.3.jar with BuildToolsApiClasspathEntrySnapshotTransform
Transforming ktor-network-jvm-3.0.3.jar with BuildToolsApiClasspathEntrySnapshotTransform
Transforming ktor-utils-jvm-3.0.3.jar with BuildToolsApiClasspathEntrySnapshotTransform
Transforming kotlinx-serialization-core-jvm-1.7.3.jar with BuildToolsApiClasspathEntrySnapshotTransform
Transforming kotlinx-serialization-json-jvm-1.7.3.jar with BuildToolsApiClasspathEntrySnapshotTransform
Transforming material3-desktop-1.7.3.jar with BuildToolsApiClasspathEntrySnapshotTransform
Transforming desktop-jvm-1.7.3.jar with BuildToolsApiClasspathEntrySnapshotTransform
Transforming material-desktop-1.7.3.jar with BuildToolsApiClasspathEntrySnapshotTransform
Transforming material-ripple-desktop-1.7.3.jar with BuildToolsApiClasspathEntrySnapshotTransform
Transforming foundation-desktop-1.7.3.jar with BuildToolsApiClasspathEntrySnapshotTransform
Transforming ui-tooling-preview-desktop-1.7.3.jar with BuildToolsApiClasspathEntrySnapshotTransform
Transforming animation-desktop-1.7.3.jar with BuildToolsApiClasspathEntrySnapshotTransform
Transforming material-icons-extended-desktop-1.7.3.jar with BuildToolsApiClasspathEntrySnapshotTransform
Transforming material-icons-core-desktop-1.7.3.jar with BuildToolsApiClasspathEntrySnapshotTransform
Transforming foundation-layout-desktop-1.7.3.jar with BuildToolsApiClasspathEntrySnapshotTransform
Transforming ui-desktop-1.7.3.jar with BuildToolsApiClasspathEntrySnapshotTransform
Transforming runtime-saveable-desktop-1.7.3.jar with BuildToolsApiClasspathEntrySnapshotTransform
Transforming runtime-desktop-1.7.3.jar with BuildToolsApiClasspathEntrySnapshotTransform
Transforming ktor-io-jvm-3.0.3.jar with BuildToolsApiClasspathEntrySnapshotTransform
Transforming animation-core-desktop-1.7.3.jar with BuildToolsApiClasspathEntrySnapshotTransform
Transforming kotlinx-coroutines-core-jvm-1.9.0.jar with BuildToolsApiClasspathEntrySnapshotTransform
Transforming kotlin-reflect-2.0.21.jar with BuildToolsApiClasspathEntrySnapshotTransform
Transforming kotlinx-io-core-jvm-0.5.4.jar with BuildToolsApiClasspathEntrySnapshotTransform
Transforming kotlinx-io-bytestring-jvm-0.5.4.jar with BuildToolsApiClasspathEntrySnapshotTransform
Transforming kotlin-stdlib-2.0.21.jar with BuildToolsApiClasspathEntrySnapshotTransform
Transforming sqlite-jdbc-3.46.1.0.jar with BuildToolsApiClasspathEntrySnapshotTransform
Transforming ejml-simple-0.43.1.jar with BuildToolsApiClasspathEntrySnapshotTransform
Transforming hadoop-common-3.4.1.jar with BuildToolsApiClasspathEntrySnapshotTransform
Transforming commons-math3-3.6.1.jar with BuildToolsApiClasspathEntrySnapshotTransform
Transforming parquet-avro-1.14.4.jar with BuildToolsApiClasspathEntrySnapshotTransform
Transforming firebase-admin-9.4.2.jar with BuildToolsApiClasspathEntrySnapshotTransform
Transforming logback-classic-1.5.12.jar with BuildToolsApiClasspathEntrySnapshotTransform
Transforming xz-1.10.jar with BuildToolsApiClasspathEntrySnapshotTransform
Transforming annotations-23.0.0.jar with BuildToolsApiClasspathEntrySnapshotTransform
Transforming parquet-hadoop-1.14.4.jar with BuildToolsApiClasspathEntrySnapshotTransform
Transforming parquet-column-1.14.4.jar with BuildToolsApiClasspathEntrySnapshotTransform
Transforming parquet-encoding-1.14.4.jar with BuildToolsApiClasspathEntrySnapshotTransform
Transforming parquet-common-1.14.4.jar with BuildToolsApiClasspathEntrySnapshotTransform
Transforming avro-1.11.4.jar with BuildToolsApiClasspathEntrySnapshotTransform
Transforming slf4j-reload4j-1.7.36.jar with BuildToolsApiClasspathEntrySnapshotTransform
Transforming hadoop-auth-3.4.1.jar with BuildToolsApiClasspathEntrySnapshotTransform
Transforming metrics-core-3.2.4.jar with BuildToolsApiClasspathEntrySnapshotTransform
Transforming dnsjava-3.6.1.jar with BuildToolsApiClasspathEntrySnapshotTransform
Transforming google-cloud-storage-2.44.1.jar with BuildToolsApiClasspathEntrySnapshotTransform
Transforming httpclient5-5.3.1.jar with BuildToolsApiClasspathEntrySnapshotTransform
Transforming slf4j-api-2.0.16.jar with BuildToolsApiClasspathEntrySnapshotTransform
Transforming ejml-fsparse-0.43.1.jar with BuildToolsApiClasspathEntrySnapshotTransform
Transforming ejml-fdense-0.43.1.jar with BuildToolsApiClasspathEntrySnapshotTransform
Transforming ejml-dsparse-0.43.1.jar with BuildToolsApiClasspathEntrySnapshotTransform
Transforming ejml-ddense-0.43.1.jar with BuildToolsApiClasspathEntrySnapshotTransform
Transforming ejml-cdense-0.43.1.jar with BuildToolsApiClasspathEntrySnapshotTransform
Transforming ejml-zdense-0.43.1.jar with BuildToolsApiClasspathEntrySnapshotTransform
Transforming ejml-core-0.43.1.jar with BuildToolsApiClasspathEntrySnapshotTransform
Transforming hadoop-shaded-protobuf_3_25-1.3.0.jar with BuildToolsApiClasspathEntrySnapshotTransform
Transforming hadoop-annotations-3.4.1.jar with BuildToolsApiClasspathEntrySnapshotTransform
Transforming hadoop-shaded-guava-1.3.0.jar with BuildToolsApiClasspathEntrySnapshotTransform
Transforming google-api-client-gson-2.7.0.jar with BuildToolsApiClasspathEntrySnapshotTransform
Transforming google-api-client-2.7.0.jar with BuildToolsApiClasspathEntrySnapshotTransform
Transforming google-cloud-firestore-3.28.0.jar with BuildToolsApiClasspathEntrySnapshotTransform
Transforming google-auth-library-oauth2-http-1.29.0.jar with BuildToolsApiClasspathEntrySnapshotTransform
Transforming google-oauth-client-1.36.0.jar with BuildToolsApiClasspathEntrySnapshotTransform
Transforming google-http-client-gson-1.45.0.jar with BuildToolsApiClasspathEntrySnapshotTransform
Transforming google-http-client-apache-v2-1.45.0.jar with BuildToolsApiClasspathEntrySnapshotTransform
Transforming google-http-client-1.45.0.jar with BuildToolsApiClasspathEntrySnapshotTransform
Transforming proto-google-cloud-firestore-bundle-v1-3.28.0.jar with BuildToolsApiClasspathEntrySnapshotTransform
Transforming api-common-2.40.0.jar with BuildToolsApiClasspathEntrySnapshotTransform
Transforming opencensus-contrib-http-util-0.31.1.jar with BuildToolsApiClasspathEntrySnapshotTransform
Transforming guava-33.3.1-jre.jar with BuildToolsApiClasspathEntrySnapshotTransform
Transforming commons-cli-1.5.0.jar with BuildToolsApiClasspathEntrySnapshotTransform
Transforming httpclient-4.5.14.jar with BuildToolsApiClasspathEntrySnapshotTransform
Transforming commons-compress-1.26.2.jar with BuildToolsApiClasspathEntrySnapshotTransform
Transforming commons-codec-1.17.1.jar with BuildToolsApiClasspathEntrySnapshotTransform
Transforming commons-io-2.16.1.jar with BuildToolsApiClasspathEntrySnapshotTransform
Transforming commons-net-3.9.0.jar with BuildToolsApiClasspathEntrySnapshotTransform
Transforming commons-beanutils-1.9.4.jar with BuildToolsApiClasspathEntrySnapshotTransform
Transforming commons-collections-3.2.2.jar with BuildToolsApiClasspathEntrySnapshotTransform
Transforming jetty-webapp-9.4.53.v20231009.jar with BuildToolsApiClasspathEntrySnapshotTransform
Transforming jetty-servlet-9.4.53.v20231009.jar with BuildToolsApiClasspathEntrySnapshotTransform
Transforming jetty-security-9.4.53.v20231009.jar with BuildToolsApiClasspathEntrySnapshotTransform
Transforming jetty-server-9.4.53.v20231009.jar with BuildToolsApiClasspathEntrySnapshotTransform
Transforming javax.servlet-api-3.1.0.jar with BuildToolsApiClasspathEntrySnapshotTransform
Transforming jetty-http-9.4.53.v20231009.jar with BuildToolsApiClasspathEntrySnapshotTransform
Transforming jetty-io-9.4.53.v20231009.jar with BuildToolsApiClasspathEntrySnapshotTransform
Transforming jetty-util-ajax-9.4.53.v20231009.jar with BuildToolsApiClasspathEntrySnapshotTransform
Transforming jetty-xml-9.4.53.v20231009.jar with BuildToolsApiClasspathEntrySnapshotTransform
Transforming jetty-util-9.4.53.v20231009.jar with BuildToolsApiClasspathEntrySnapshotTransform
Transforming jersey-json-1.22.0.jar with BuildToolsApiClasspathEntrySnapshotTransform
Transforming jersey-servlet-1.19.4.jar with BuildToolsApiClasspathEntrySnapshotTransform
Transforming jersey-server-1.19.4.jar with BuildToolsApiClasspathEntrySnapshotTransform
Transforming jersey-core-1.19.4.jar with BuildToolsApiClasspathEntrySnapshotTransform
Transforming jettison-1.5.4.jar with BuildToolsApiClasspathEntrySnapshotTransform
Transforming reload4j-1.2.22.jar with BuildToolsApiClasspathEntrySnapshotTransform
Transforming commons-configuration2-2.10.1.jar with BuildToolsApiClasspathEntrySnapshotTransform
Transforming commons-text-1.11.0.jar with BuildToolsApiClasspathEntrySnapshotTransform
Transforming commons-lang3-3.14.0.jar with BuildToolsApiClasspathEntrySnapshotTransform
Transforming re2j-1.1.jar with BuildToolsApiClasspathEntrySnapshotTransform
Transforming gson-2.11.0.jar with BuildToolsApiClasspathEntrySnapshotTransform
Transforming jsch-0.1.55.jar with BuildToolsApiClasspathEntrySnapshotTransform
Transforming proto-google-cloud-firestore-v1-3.28.0.jar with BuildToolsApiClasspathEntrySnapshotTransform
Transforming jsr305-3.0.2.jar with BuildToolsApiClasspathEntrySnapshotTransform
Transforming netty-codec-http-4.1.114.Final.jar with BuildToolsApiClasspathEntrySnapshotTransform
Transforming netty-handler-4.1.114.Final.jar with BuildToolsApiClasspathEntrySnapshotTransform
Transforming netty-transport-native-epoll-4.1.100.Final.jar with BuildToolsApiClasspathEntrySnapshotTransform
Transforming bcprov-jdk18on-1.78.1.jar with BuildToolsApiClasspathEntrySnapshotTransform
Transforming jackson-datatype-jdk8-2.18.0.jar with BuildToolsApiClasspathEntrySnapshotTransform
Transforming jackson-core-2.18.0.jar with BuildToolsApiClasspathEntrySnapshotTransform
Transforming jackson-annotations-2.18.0.jar with BuildToolsApiClasspathEntrySnapshotTransform
Transforming jackson-databind-2.18.0.jar with BuildToolsApiClasspathEntrySnapshotTransform
Transforming woodstox-core-5.4.0.jar with BuildToolsApiClasspathEntrySnapshotTransform
Transforming stax2-api-4.2.1.jar with BuildToolsApiClasspathEntrySnapshotTransform
Transforming snappy-java-1.1.10.5.jar with BuildToolsApiClasspathEntrySnapshotTransform
Transforming netty-transport-classes-epoll-4.1.100.Final.jar with BuildToolsApiClasspathEntrySnapshotTransform
Transforming netty-transport-native-unix-common-4.1.114.Final.jar with BuildToolsApiClasspathEntrySnapshotTransform
Transforming netty-codec-4.1.114.Final.jar with BuildToolsApiClasspathEntrySnapshotTransform
Transforming netty-transport-4.1.114.Final.jar with BuildToolsApiClasspathEntrySnapshotTransform
Transforming logback-core-1.5.12.jar with BuildToolsApiClasspathEntrySnapshotTransform
Transforming ui-text-desktop-1.7.3.jar with BuildToolsApiClasspathEntrySnapshotTransform
Transforming config-1.4.3.jar with BuildToolsApiClasspathEntrySnapshotTransform
Transforming parquet-format-structures-1.14.4.jar with BuildToolsApiClasspathEntrySnapshotTransform
Transforming aircompressor-0.27.jar with BuildToolsApiClasspathEntrySnapshotTransform
Transforming commons-pool-1.6.jar with BuildToolsApiClasspathEntrySnapshotTransform
Transforming zstd-jni-1.5.6-2.jar with BuildToolsApiClasspathEntrySnapshotTransform
Transforming httpcore-4.4.16.jar with BuildToolsApiClasspathEntrySnapshotTransform
Transforming commons-logging-1.3.0.jar with BuildToolsApiClasspathEntrySnapshotTransform
Transforming jsr311-api-1.1.1.jar with BuildToolsApiClasspathEntrySnapshotTransform
Transforming jaxb-impl-2.2.3-1.jar with BuildToolsApiClasspathEntrySnapshotTransform
Transforming nimbus-jose-jwt-9.37.2.jar with BuildToolsApiClasspathEntrySnapshotTransform
Transforming netty-buffer-4.1.114.Final.jar with BuildToolsApiClasspathEntrySnapshotTransform
Transforming netty-resolver-4.1.114.Final.jar with BuildToolsApiClasspathEntrySnapshotTransform
Transforming netty-common-4.1.114.Final.jar with BuildToolsApiClasspathEntrySnapshotTransform
Transforming failureaccess-1.0.2.jar with BuildToolsApiClasspathEntrySnapshotTransform
Transforming listenablefuture-9999.0-empty-to-avoid-conflict-with-guava.jar with BuildToolsApiClasspathEntrySnapshotTransform
Transforming checker-qual-3.47.0.jar with BuildToolsApiClasspathEntrySnapshotTransform
Transforming error_prone_annotations-2.35.1.jar with BuildToolsApiClasspathEntrySnapshotTransform
Transforming j2objc-annotations-3.0.0.jar with BuildToolsApiClasspathEntrySnapshotTransform
Transforming google-auth-library-credentials-1.29.0.jar with BuildToolsApiClasspathEntrySnapshotTransform
Transforming opencensus-api-0.31.1.jar with BuildToolsApiClasspathEntrySnapshotTransform
Transforming grpc-context-1.67.1.jar with BuildToolsApiClasspathEntrySnapshotTransform
Transforming auto-value-annotations-1.11.0.jar with BuildToolsApiClasspathEntrySnapshotTransform
Transforming javax.annotation-api-1.3.2.jar with BuildToolsApiClasspathEntrySnapshotTransform
Transforming google-http-client-jackson2-1.45.0.jar with BuildToolsApiClasspathEntrySnapshotTransform
Transforming google-api-services-storage-v1-rev20241008-2.0.0.jar with BuildToolsApiClasspathEntrySnapshotTransform
Transforming google-cloud-core-2.47.0.jar with BuildToolsApiClasspathEntrySnapshotTransform
Transforming google-cloud-core-http-2.47.0.jar with BuildToolsApiClasspathEntrySnapshotTransform
Transforming google-http-client-appengine-1.45.0.jar with BuildToolsApiClasspathEntrySnapshotTransform
Transforming gax-httpjson-2.57.0.jar with BuildToolsApiClasspathEntrySnapshotTransform
Transforming google-cloud-core-grpc-2.47.0.jar with BuildToolsApiClasspathEntrySnapshotTransform
Transforming gax-2.57.0.jar with BuildToolsApiClasspathEntrySnapshotTransform
Transforming gax-grpc-2.57.0.jar with BuildToolsApiClasspathEntrySnapshotTransform
Transforming grpc-inprocess-1.67.1.jar with BuildToolsApiClasspathEntrySnapshotTransform
Transforming grpc-alts-1.67.1.jar with BuildToolsApiClasspathEntrySnapshotTransform
Transforming grpc-grpclb-1.67.1.jar with BuildToolsApiClasspathEntrySnapshotTransform
Transforming conscrypt-openjdk-uber-2.5.2.jar with BuildToolsApiClasspathEntrySnapshotTransform
Transforming grpc-auth-1.67.1.jar with BuildToolsApiClasspathEntrySnapshotTransform
Transforming proto-google-iam-v1-1.43.0.jar with BuildToolsApiClasspathEntrySnapshotTransform
Transforming protobuf-java-3.25.5.jar with BuildToolsApiClasspathEntrySnapshotTransform
Transforming protobuf-java-util-3.25.5.jar with BuildToolsApiClasspathEntrySnapshotTransform
Transforming grpc-core-1.67.1.jar with BuildToolsApiClasspathEntrySnapshotTransform
Transforming grpc-protobuf-1.67.1.jar with BuildToolsApiClasspathEntrySnapshotTransform
Transforming grpc-protobuf-lite-1.67.1.jar with BuildToolsApiClasspathEntrySnapshotTransform
Transforming proto-google-common-protos-2.48.0.jar with BuildToolsApiClasspathEntrySnapshotTransform
Transforming threetenbp-1.7.0.jar with BuildToolsApiClasspathEntrySnapshotTransform
Transforming proto-google-cloud-storage-v2-2.44.1-beta.jar with BuildToolsApiClasspathEntrySnapshotTransform
Transforming grpc-google-cloud-storage-v2-2.44.1-beta.jar with BuildToolsApiClasspathEntrySnapshotTransform
Transforming gapic-google-cloud-storage-v2-2.44.1-beta.jar with BuildToolsApiClasspathEntrySnapshotTransform
Transforming opentelemetry-sdk-1.42.1.jar with BuildToolsApiClasspathEntrySnapshotTransform
Transforming opentelemetry-sdk-trace-1.42.1.jar with BuildToolsApiClasspathEntrySnapshotTransform
Transforming opentelemetry-sdk-logs-1.42.1.jar with BuildToolsApiClasspathEntrySnapshotTransform
Transforming grpc-opentelemetry-1.67.1.jar with BuildToolsApiClasspathEntrySnapshotTransform
Transforming opentelemetry-api-1.42.1.jar with BuildToolsApiClasspathEntrySnapshotTransform
Transforming opentelemetry-context-1.42.1.jar with BuildToolsApiClasspathEntrySnapshotTransform
Transforming opentelemetry-sdk-metrics-1.42.1.jar with BuildToolsApiClasspathEntrySnapshotTransform
Transforming opentelemetry-sdk-common-1.42.1.jar with BuildToolsApiClasspathEntrySnapshotTransform
Transforming opentelemetry-sdk-extension-autoconfigure-spi-1.42.1.jar with BuildToolsApiClasspathEntrySnapshotTransform
Transforming opentelemetry-semconv-1.25.0-alpha.jar with BuildToolsApiClasspathEntrySnapshotTransform
Transforming exporter-metrics-0.31.0.jar with BuildToolsApiClasspathEntrySnapshotTransform
Transforming google-cloud-monitoring-3.31.0.jar with BuildToolsApiClasspathEntrySnapshotTransform
Transforming proto-google-cloud-monitoring-v3-3.31.0.jar with BuildToolsApiClasspathEntrySnapshotTransform
Transforming opentelemetry-gcp-resources-1.37.0-alpha.jar with BuildToolsApiClasspathEntrySnapshotTransform
Transforming grpc-api-1.67.1.jar with BuildToolsApiClasspathEntrySnapshotTransform
Transforming grpc-stub-1.67.1.jar with BuildToolsApiClasspathEntrySnapshotTransform
Transforming grpc-netty-shaded-1.67.1.jar with BuildToolsApiClasspathEntrySnapshotTransform
Transforming opentelemetry-grpc-1.6-2.1.0-alpha.jar with BuildToolsApiClasspathEntrySnapshotTransform
Transforming opentelemetry-instrumentation-api-2.1.0.jar with BuildToolsApiClasspathEntrySnapshotTransform
Transforming opentelemetry-instrumentation-api-incubator-2.1.0-alpha.jar with BuildToolsApiClasspathEntrySnapshotTransform
Transforming httpcore5-h2-5.2.4.jar with BuildToolsApiClasspathEntrySnapshotTransform
Transforming httpcore5-5.2.4.jar with BuildToolsApiClasspathEntrySnapshotTransform
Transforming ui-graphics-desktop-1.7.3.jar with BuildToolsApiClasspathEntrySnapshotTransform
Transforming jaxb-api-2.2.2.jar with BuildToolsApiClasspathEntrySnapshotTransform
Transforming jcip-annotations-1.0-1.jar with BuildToolsApiClasspathEntrySnapshotTransform
Transforming stax-api-1.0-2.jar with BuildToolsApiClasspathEntrySnapshotTransform
Transforming activation-1.1.jar with BuildToolsApiClasspathEntrySnapshotTransform
Transforming ui-unit-desktop-1.7.3.jar with BuildToolsApiClasspathEntrySnapshotTransform
Transforming skiko-awt-0.8.18.jar with BuildToolsApiClasspathEntrySnapshotTransform
Transforming ui-geometry-desktop-1.7.3.jar with BuildToolsApiClasspathEntrySnapshotTransform
Transforming ui-util-desktop-1.7.3.jar with BuildToolsApiClasspathEntrySnapshotTransform
Build cache key for task ':app:compileKotlin' is ea950448c52c8894d4f4946fceb7e164
Skipping task ':app:compileKotlin' as it is up-to-date.
Resolve mutations for :app:compileJava (Thread[Execution worker Thread 15,5,main]) started.
:app:compileJava (Thread[Execution worker Thread 15,5,main]) started.

> Task :app:compileJava NO-SOURCE
Skipping task ':app:compileJava' as it has no source files and no previous output files.
Resolve mutations for :app:classes (Thread[included builds,5,main]) started.
:app:classes (Thread[included builds,5,main]) started.

> Task :app:classes UP-TO-DATE
Skipping task ':app:classes' as it has no actions.
Resolve mutations for :app:jar (Thread[included builds,5,main]) started.
:app:jar (Thread[included builds,5,main]) started.

> Task :app:jar UP-TO-DATE
Caching disabled for task ':app:jar' because:
  Not worth caching
Skipping task ':app:jar' as it is up-to-date.
Resolve mutations for :app:compileTestKotlin (Thread[included builds,5,main]) started.
:app:compileTestKotlin (Thread[included builds,5,main]) started.

> Task :app:compileTestKotlin UP-TO-DATE
Transforming main with BuildToolsApiClasspathEntrySnapshotTransform
Transforming main with BuildToolsApiClasspathEntrySnapshotTransform
Transforming sqlite-driver-2.0.2.jar with BuildToolsApiClasspathEntrySnapshotTransform
Transforming jdbc-driver-2.0.2.jar with BuildToolsApiClasspathEntrySnapshotTransform
Transforming shared-1.0.0-SNAPSHOT.jar with BuildToolsApiClasspathEntrySnapshotTransform
Transforming kotlin-test-junit-2.0.21.jar with BuildToolsApiClasspathEntrySnapshotTransform
Transforming kotlin-test-2.0.21.jar with BuildToolsApiClasspathEntrySnapshotTransform
Transforming ktor-client-mock-jvm-3.0.3.jar with BuildToolsApiClasspathEntrySnapshotTransform
Transforming runtime-jvm-2.0.2.jar with BuildToolsApiClasspathEntrySnapshotTransform
Transforming ktor-client-cio-jvm-3.0.3.jar with BuildToolsApiClasspathEntrySnapshotTransform
Transforming ktor-client-websockets-jvm-3.0.3.jar with BuildToolsApiClasspathEntrySnapshotTransform
Transforming ktor-client-content-negotiation-jvm-3.0.3.jar with BuildToolsApiClasspathEntrySnapshotTransform
Transforming ktor-serialization-kotlinx-json-jvm-3.0.3.jar with BuildToolsApiClasspathEntrySnapshotTransform
Transforming ktor-server-cio-jvm-3.0.3.jar with BuildToolsApiClasspathEntrySnapshotTransform
Transforming ktor-server-core-jvm-3.0.3.jar with BuildToolsApiClasspathEntrySnapshotTransform
Transforming kotlinx-serialization-json-io-jvm-1.7.3.jar with BuildToolsApiClasspathEntrySnapshotTransform
Transforming ktor-client-core-jvm-3.0.3.jar with BuildToolsApiClasspathEntrySnapshotTransform
Transforming ktor-http-cio-jvm-3.0.3.jar with BuildToolsApiClasspathEntrySnapshotTransform
Transforming ktor-serialization-kotlinx-jvm-3.0.3.jar with BuildToolsApiClasspathEntrySnapshotTransform
Transforming ktor-websocket-serialization-jvm-3.0.3.jar with BuildToolsApiClasspathEntrySnapshotTransform
Transforming ktor-serialization-jvm-3.0.3.jar with BuildToolsApiClasspathEntrySnapshotTransform
Transforming ktor-websockets-jvm-3.0.3.jar with BuildToolsApiClasspathEntrySnapshotTransform
Transforming ktor-network-tls-jvm-3.0.3.jar with BuildToolsApiClasspathEntrySnapshotTransform
Transforming ktor-events-jvm-3.0.3.jar with BuildToolsApiClasspathEntrySnapshotTransform
Transforming ktor-sse-jvm-3.0.3.jar with BuildToolsApiClasspathEntrySnapshotTransform
Transforming ktor-http-jvm-3.0.3.jar with BuildToolsApiClasspathEntrySnapshotTransform
Transforming ktor-network-jvm-3.0.3.jar with BuildToolsApiClasspathEntrySnapshotTransform
Transforming ktor-utils-jvm-3.0.3.jar with BuildToolsApiClasspathEntrySnapshotTransform
Transforming kotlinx-serialization-core-jvm-1.7.3.jar with BuildToolsApiClasspathEntrySnapshotTransform
Transforming kotlinx-serialization-json-jvm-1.7.3.jar with BuildToolsApiClasspathEntrySnapshotTransform
Transforming kotlinx-coroutines-test-jvm-1.9.0.jar with BuildToolsApiClasspathEntrySnapshotTransform
Transforming material3-desktop-1.7.3.jar with BuildToolsApiClasspathEntrySnapshotTransform
Transforming desktop-jvm-1.7.3.jar with BuildToolsApiClasspathEntrySnapshotTransform
Transforming material-desktop-1.7.3.jar with BuildToolsApiClasspathEntrySnapshotTransform
Transforming material-ripple-desktop-1.7.3.jar with BuildToolsApiClasspathEntrySnapshotTransform
Transforming foundation-desktop-1.7.3.jar with BuildToolsApiClasspathEntrySnapshotTransform
Transforming ui-tooling-preview-desktop-1.7.3.jar with BuildToolsApiClasspathEntrySnapshotTransform
Transforming animation-desktop-1.7.3.jar with BuildToolsApiClasspathEntrySnapshotTransform
Transforming material-icons-extended-desktop-1.7.3.jar with BuildToolsApiClasspathEntrySnapshotTransform
Transforming material-icons-core-desktop-1.7.3.jar with BuildToolsApiClasspathEntrySnapshotTransform
Transforming foundation-layout-desktop-1.7.3.jar with BuildToolsApiClasspathEntrySnapshotTransform
Transforming ui-desktop-1.7.3.jar with BuildToolsApiClasspathEntrySnapshotTransform
Transforming runtime-saveable-desktop-1.7.3.jar with BuildToolsApiClasspathEntrySnapshotTransform
Transforming runtime-desktop-1.7.3.jar with BuildToolsApiClasspathEntrySnapshotTransform
Transforming ktor-io-jvm-3.0.3.jar with BuildToolsApiClasspathEntrySnapshotTransform
Transforming animation-core-desktop-1.7.3.jar with BuildToolsApiClasspathEntrySnapshotTransform
Transforming kotlinx-coroutines-core-jvm-1.9.0.jar with BuildToolsApiClasspathEntrySnapshotTransform
Transforming kotlin-reflect-2.0.21.jar with BuildToolsApiClasspathEntrySnapshotTransform
Transforming kotlinx-io-core-jvm-0.5.4.jar with BuildToolsApiClasspathEntrySnapshotTransform
Transforming kotlinx-io-bytestring-jvm-0.5.4.jar with BuildToolsApiClasspathEntrySnapshotTransform
Transforming kotlin-stdlib-2.0.21.jar with BuildToolsApiClasspathEntrySnapshotTransform
Transforming sqlite-jdbc-3.46.1.0.jar with BuildToolsApiClasspathEntrySnapshotTransform
Transforming ejml-simple-0.43.1.jar with BuildToolsApiClasspathEntrySnapshotTransform
Transforming hadoop-common-3.4.1.jar with BuildToolsApiClasspathEntrySnapshotTransform
Transforming commons-math3-3.6.1.jar with BuildToolsApiClasspathEntrySnapshotTransform
Transforming parquet-avro-1.14.4.jar with BuildToolsApiClasspathEntrySnapshotTransform
Transforming firebase-admin-9.4.2.jar with BuildToolsApiClasspathEntrySnapshotTransform
Transforming logback-classic-1.5.12.jar with BuildToolsApiClasspathEntrySnapshotTransform
Transforming xz-1.10.jar with BuildToolsApiClasspathEntrySnapshotTransform
Transforming mockito-core-5.12.0.jar with BuildToolsApiClasspathEntrySnapshotTransform
Transforming annotations-23.0.0.jar with BuildToolsApiClasspathEntrySnapshotTransform
Transforming parquet-hadoop-1.14.4.jar with BuildToolsApiClasspathEntrySnapshotTransform
Transforming parquet-column-1.14.4.jar with BuildToolsApiClasspathEntrySnapshotTransform
Transforming parquet-encoding-1.14.4.jar with BuildToolsApiClasspathEntrySnapshotTransform
Transforming parquet-common-1.14.4.jar with BuildToolsApiClasspathEntrySnapshotTransform
Transforming avro-1.11.4.jar with BuildToolsApiClasspathEntrySnapshotTransform
Transforming slf4j-reload4j-1.7.36.jar with BuildToolsApiClasspathEntrySnapshotTransform
Transforming hadoop-auth-3.4.1.jar with BuildToolsApiClasspathEntrySnapshotTransform
Transforming metrics-core-3.2.4.jar with BuildToolsApiClasspathEntrySnapshotTransform
Transforming dnsjava-3.6.1.jar with BuildToolsApiClasspathEntrySnapshotTransform
Transforming google-cloud-storage-2.44.1.jar with BuildToolsApiClasspathEntrySnapshotTransform
Transforming httpclient5-5.3.1.jar with BuildToolsApiClasspathEntrySnapshotTransform
Transforming slf4j-api-2.0.16.jar with BuildToolsApiClasspathEntrySnapshotTransform
Transforming ejml-fsparse-0.43.1.jar with BuildToolsApiClasspathEntrySnapshotTransform
Transforming ejml-fdense-0.43.1.jar with BuildToolsApiClasspathEntrySnapshotTransform
Transforming ejml-dsparse-0.43.1.jar with BuildToolsApiClasspathEntrySnapshotTransform
Transforming ejml-ddense-0.43.1.jar with BuildToolsApiClasspathEntrySnapshotTransform
Transforming ejml-cdense-0.43.1.jar with BuildToolsApiClasspathEntrySnapshotTransform
Transforming ejml-zdense-0.43.1.jar with BuildToolsApiClasspathEntrySnapshotTransform
Transforming ejml-core-0.43.1.jar with BuildToolsApiClasspathEntrySnapshotTransform
Transforming hadoop-shaded-protobuf_3_25-1.3.0.jar with BuildToolsApiClasspathEntrySnapshotTransform
Transforming hadoop-annotations-3.4.1.jar with BuildToolsApiClasspathEntrySnapshotTransform
Transforming hadoop-shaded-guava-1.3.0.jar with BuildToolsApiClasspathEntrySnapshotTransform
Transforming google-api-client-gson-2.7.0.jar with BuildToolsApiClasspathEntrySnapshotTransform
Transforming google-api-client-2.7.0.jar with BuildToolsApiClasspathEntrySnapshotTransform
Transforming google-cloud-firestore-3.28.0.jar with BuildToolsApiClasspathEntrySnapshotTransform
Transforming google-auth-library-oauth2-http-1.29.0.jar with BuildToolsApiClasspathEntrySnapshotTransform
Transforming google-oauth-client-1.36.0.jar with BuildToolsApiClasspathEntrySnapshotTransform
Transforming google-http-client-gson-1.45.0.jar with BuildToolsApiClasspathEntrySnapshotTransform
Transforming google-http-client-apache-v2-1.45.0.jar with BuildToolsApiClasspathEntrySnapshotTransform
Transforming google-http-client-1.45.0.jar with BuildToolsApiClasspathEntrySnapshotTransform
Transforming proto-google-cloud-firestore-bundle-v1-3.28.0.jar with BuildToolsApiClasspathEntrySnapshotTransform
Transforming api-common-2.40.0.jar with BuildToolsApiClasspathEntrySnapshotTransform
Transforming opencensus-contrib-http-util-0.31.1.jar with BuildToolsApiClasspathEntrySnapshotTransform
Transforming guava-33.3.1-jre.jar with BuildToolsApiClasspathEntrySnapshotTransform
Transforming commons-cli-1.5.0.jar with BuildToolsApiClasspathEntrySnapshotTransform
Transforming httpclient-4.5.14.jar with BuildToolsApiClasspathEntrySnapshotTransform
Transforming commons-compress-1.26.2.jar with BuildToolsApiClasspathEntrySnapshotTransform
Transforming commons-codec-1.17.1.jar with BuildToolsApiClasspathEntrySnapshotTransform
Transforming commons-io-2.16.1.jar with BuildToolsApiClasspathEntrySnapshotTransform
Transforming commons-net-3.9.0.jar with BuildToolsApiClasspathEntrySnapshotTransform
Transforming commons-beanutils-1.9.4.jar with BuildToolsApiClasspathEntrySnapshotTransform
Transforming commons-collections-3.2.2.jar with BuildToolsApiClasspathEntrySnapshotTransform
Transforming jetty-webapp-9.4.53.v20231009.jar with BuildToolsApiClasspathEntrySnapshotTransform
Transforming jetty-servlet-9.4.53.v20231009.jar with BuildToolsApiClasspathEntrySnapshotTransform
Transforming jetty-security-9.4.53.v20231009.jar with BuildToolsApiClasspathEntrySnapshotTransform
Transforming jetty-server-9.4.53.v20231009.jar with BuildToolsApiClasspathEntrySnapshotTransform
Transforming javax.servlet-api-3.1.0.jar with BuildToolsApiClasspathEntrySnapshotTransform
Transforming jetty-http-9.4.53.v20231009.jar with BuildToolsApiClasspathEntrySnapshotTransform
Transforming jetty-io-9.4.53.v20231009.jar with BuildToolsApiClasspathEntrySnapshotTransform
Transforming jetty-util-ajax-9.4.53.v20231009.jar with BuildToolsApiClasspathEntrySnapshotTransform
Transforming jetty-xml-9.4.53.v20231009.jar with BuildToolsApiClasspathEntrySnapshotTransform
Transforming jetty-util-9.4.53.v20231009.jar with BuildToolsApiClasspathEntrySnapshotTransform
Transforming jersey-json-1.22.0.jar with BuildToolsApiClasspathEntrySnapshotTransform
Transforming jersey-servlet-1.19.4.jar with BuildToolsApiClasspathEntrySnapshotTransform
Transforming jersey-server-1.19.4.jar with BuildToolsApiClasspathEntrySnapshotTransform
Transforming jersey-core-1.19.4.jar with BuildToolsApiClasspathEntrySnapshotTransform
Transforming jettison-1.5.4.jar with BuildToolsApiClasspathEntrySnapshotTransform
Transforming reload4j-1.2.22.jar with BuildToolsApiClasspathEntrySnapshotTransform
Transforming commons-configuration2-2.10.1.jar with BuildToolsApiClasspathEntrySnapshotTransform
Transforming commons-text-1.11.0.jar with BuildToolsApiClasspathEntrySnapshotTransform
Transforming commons-lang3-3.14.0.jar with BuildToolsApiClasspathEntrySnapshotTransform
Transforming re2j-1.1.jar with BuildToolsApiClasspathEntrySnapshotTransform
Transforming gson-2.11.0.jar with BuildToolsApiClasspathEntrySnapshotTransform
Transforming jsch-0.1.55.jar with BuildToolsApiClasspathEntrySnapshotTransform
Transforming proto-google-cloud-firestore-v1-3.28.0.jar with BuildToolsApiClasspathEntrySnapshotTransform
Transforming jsr305-3.0.2.jar with BuildToolsApiClasspathEntrySnapshotTransform
Transforming netty-codec-http-4.1.114.Final.jar with BuildToolsApiClasspathEntrySnapshotTransform
Transforming netty-handler-4.1.114.Final.jar with BuildToolsApiClasspathEntrySnapshotTransform
Transforming netty-transport-native-epoll-4.1.100.Final.jar with BuildToolsApiClasspathEntrySnapshotTransform
Transforming bcprov-jdk18on-1.78.1.jar with BuildToolsApiClasspathEntrySnapshotTransform
Transforming jackson-datatype-jdk8-2.18.0.jar with BuildToolsApiClasspathEntrySnapshotTransform
Transforming jackson-core-2.18.0.jar with BuildToolsApiClasspathEntrySnapshotTransform
Transforming jackson-annotations-2.18.0.jar with BuildToolsApiClasspathEntrySnapshotTransform
Transforming jackson-databind-2.18.0.jar with BuildToolsApiClasspathEntrySnapshotTransform
Transforming woodstox-core-5.4.0.jar with BuildToolsApiClasspathEntrySnapshotTransform
Transforming stax2-api-4.2.1.jar with BuildToolsApiClasspathEntrySnapshotTransform
Transforming snappy-java-1.1.10.5.jar with BuildToolsApiClasspathEntrySnapshotTransform
Transforming netty-transport-classes-epoll-4.1.100.Final.jar with BuildToolsApiClasspathEntrySnapshotTransform
Transforming netty-transport-native-unix-common-4.1.114.Final.jar with BuildToolsApiClasspathEntrySnapshotTransform
Transforming netty-codec-4.1.114.Final.jar with BuildToolsApiClasspathEntrySnapshotTransform
Transforming netty-transport-4.1.114.Final.jar with BuildToolsApiClasspathEntrySnapshotTransform
Transforming logback-core-1.5.12.jar with BuildToolsApiClasspathEntrySnapshotTransform
Transforming byte-buddy-1.14.15.jar with BuildToolsApiClasspathEntrySnapshotTransform
Transforming byte-buddy-agent-1.14.15.jar with BuildToolsApiClasspathEntrySnapshotTransform
Transforming ui-text-desktop-1.7.3.jar with BuildToolsApiClasspathEntrySnapshotTransform
Transforming config-1.4.3.jar with BuildToolsApiClasspathEntrySnapshotTransform
Transforming parquet-format-structures-1.14.4.jar with BuildToolsApiClasspathEntrySnapshotTransform
Transforming aircompressor-0.27.jar with BuildToolsApiClasspathEntrySnapshotTransform
Transforming commons-pool-1.6.jar with BuildToolsApiClasspathEntrySnapshotTransform
Transforming zstd-jni-1.5.6-2.jar with BuildToolsApiClasspathEntrySnapshotTransform
Transforming httpcore-4.4.16.jar with BuildToolsApiClasspathEntrySnapshotTransform
Transforming commons-logging-1.3.0.jar with BuildToolsApiClasspathEntrySnapshotTransform
Transforming jsr311-api-1.1.1.jar with BuildToolsApiClasspathEntrySnapshotTransform
Transforming jaxb-impl-2.2.3-1.jar with BuildToolsApiClasspathEntrySnapshotTransform
Transforming nimbus-jose-jwt-9.37.2.jar with BuildToolsApiClasspathEntrySnapshotTransform
Transforming netty-buffer-4.1.114.Final.jar with BuildToolsApiClasspathEntrySnapshotTransform
Transforming netty-resolver-4.1.114.Final.jar with BuildToolsApiClasspathEntrySnapshotTransform
Transforming netty-common-4.1.114.Final.jar with BuildToolsApiClasspathEntrySnapshotTransform
Transforming failureaccess-1.0.2.jar with BuildToolsApiClasspathEntrySnapshotTransform
Transforming listenablefuture-9999.0-empty-to-avoid-conflict-with-guava.jar with BuildToolsApiClasspathEntrySnapshotTransform
Transforming checker-qual-3.47.0.jar with BuildToolsApiClasspathEntrySnapshotTransform
Transforming error_prone_annotations-2.35.1.jar with BuildToolsApiClasspathEntrySnapshotTransform
Transforming j2objc-annotations-3.0.0.jar with BuildToolsApiClasspathEntrySnapshotTransform
Transforming google-auth-library-credentials-1.29.0.jar with BuildToolsApiClasspathEntrySnapshotTransform
Transforming opencensus-api-0.31.1.jar with BuildToolsApiClasspathEntrySnapshotTransform
Transforming grpc-context-1.67.1.jar with BuildToolsApiClasspathEntrySnapshotTransform
Transforming auto-value-annotations-1.11.0.jar with BuildToolsApiClasspathEntrySnapshotTransform
Transforming javax.annotation-api-1.3.2.jar with BuildToolsApiClasspathEntrySnapshotTransform
Transforming google-http-client-jackson2-1.45.0.jar with BuildToolsApiClasspathEntrySnapshotTransform
Transforming google-api-services-storage-v1-rev20241008-2.0.0.jar with BuildToolsApiClasspathEntrySnapshotTransform
Transforming google-cloud-core-2.47.0.jar with BuildToolsApiClasspathEntrySnapshotTransform
Transforming google-cloud-core-http-2.47.0.jar with BuildToolsApiClasspathEntrySnapshotTransform
Transforming google-http-client-appengine-1.45.0.jar with BuildToolsApiClasspathEntrySnapshotTransform
Transforming gax-httpjson-2.57.0.jar with BuildToolsApiClasspathEntrySnapshotTransform
Transforming google-cloud-core-grpc-2.47.0.jar with BuildToolsApiClasspathEntrySnapshotTransform
Transforming gax-2.57.0.jar with BuildToolsApiClasspathEntrySnapshotTransform
Transforming gax-grpc-2.57.0.jar with BuildToolsApiClasspathEntrySnapshotTransform
Transforming grpc-inprocess-1.67.1.jar with BuildToolsApiClasspathEntrySnapshotTransform
Transforming grpc-alts-1.67.1.jar with BuildToolsApiClasspathEntrySnapshotTransform
Transforming grpc-grpclb-1.67.1.jar with BuildToolsApiClasspathEntrySnapshotTransform
Transforming conscrypt-openjdk-uber-2.5.2.jar with BuildToolsApiClasspathEntrySnapshotTransform
Transforming grpc-auth-1.67.1.jar with BuildToolsApiClasspathEntrySnapshotTransform
Transforming proto-google-iam-v1-1.43.0.jar with BuildToolsApiClasspathEntrySnapshotTransform
Transforming protobuf-java-3.25.5.jar with BuildToolsApiClasspathEntrySnapshotTransform
Transforming protobuf-java-util-3.25.5.jar with BuildToolsApiClasspathEntrySnapshotTransform
Transforming grpc-core-1.67.1.jar with BuildToolsApiClasspathEntrySnapshotTransform
Transforming grpc-protobuf-1.67.1.jar with BuildToolsApiClasspathEntrySnapshotTransform
Transforming grpc-protobuf-lite-1.67.1.jar with BuildToolsApiClasspathEntrySnapshotTransform
Transforming proto-google-common-protos-2.48.0.jar with BuildToolsApiClasspathEntrySnapshotTransform
Transforming threetenbp-1.7.0.jar with BuildToolsApiClasspathEntrySnapshotTransform
Transforming proto-google-cloud-storage-v2-2.44.1-beta.jar with BuildToolsApiClasspathEntrySnapshotTransform
Transforming grpc-google-cloud-storage-v2-2.44.1-beta.jar with BuildToolsApiClasspathEntrySnapshotTransform
Transforming gapic-google-cloud-storage-v2-2.44.1-beta.jar with BuildToolsApiClasspathEntrySnapshotTransform
Transforming opentelemetry-sdk-1.42.1.jar with BuildToolsApiClasspathEntrySnapshotTransform
Transforming opentelemetry-sdk-trace-1.42.1.jar with BuildToolsApiClasspathEntrySnapshotTransform
Transforming opentelemetry-sdk-logs-1.42.1.jar with BuildToolsApiClasspathEntrySnapshotTransform
Transforming grpc-opentelemetry-1.67.1.jar with BuildToolsApiClasspathEntrySnapshotTransform
Transforming opentelemetry-api-1.42.1.jar with BuildToolsApiClasspathEntrySnapshotTransform
Transforming opentelemetry-context-1.42.1.jar with BuildToolsApiClasspathEntrySnapshotTransform
Transforming opentelemetry-sdk-metrics-1.42.1.jar with BuildToolsApiClasspathEntrySnapshotTransform
Transforming opentelemetry-sdk-common-1.42.1.jar with BuildToolsApiClasspathEntrySnapshotTransform
Transforming opentelemetry-sdk-extension-autoconfigure-spi-1.42.1.jar with BuildToolsApiClasspathEntrySnapshotTransform
Transforming opentelemetry-semconv-1.25.0-alpha.jar with BuildToolsApiClasspathEntrySnapshotTransform
Transforming exporter-metrics-0.31.0.jar with BuildToolsApiClasspathEntrySnapshotTransform
Transforming google-cloud-monitoring-3.31.0.jar with BuildToolsApiClasspathEntrySnapshotTransform
Transforming proto-google-cloud-monitoring-v3-3.31.0.jar with BuildToolsApiClasspathEntrySnapshotTransform
Transforming opentelemetry-gcp-resources-1.37.0-alpha.jar with BuildToolsApiClasspathEntrySnapshotTransform
Transforming grpc-api-1.67.1.jar with BuildToolsApiClasspathEntrySnapshotTransform
Transforming grpc-stub-1.67.1.jar with BuildToolsApiClasspathEntrySnapshotTransform
Transforming grpc-netty-shaded-1.67.1.jar with BuildToolsApiClasspathEntrySnapshotTransform
Transforming opentelemetry-grpc-1.6-2.1.0-alpha.jar with BuildToolsApiClasspathEntrySnapshotTransform
Transforming opentelemetry-instrumentation-api-2.1.0.jar with BuildToolsApiClasspathEntrySnapshotTransform
Transforming opentelemetry-instrumentation-api-incubator-2.1.0-alpha.jar with BuildToolsApiClasspathEntrySnapshotTransform
Transforming httpcore5-h2-5.2.4.jar with BuildToolsApiClasspathEntrySnapshotTransform
Transforming httpcore5-5.2.4.jar with BuildToolsApiClasspathEntrySnapshotTransform
Transforming junit-4.13.2.jar with BuildToolsApiClasspathEntrySnapshotTransform
Transforming ui-graphics-desktop-1.7.3.jar with BuildToolsApiClasspathEntrySnapshotTransform
Transforming jaxb-api-2.2.2.jar with BuildToolsApiClasspathEntrySnapshotTransform
Transforming jcip-annotations-1.0-1.jar with BuildToolsApiClasspathEntrySnapshotTransform
Transforming hamcrest-core-1.3.jar with BuildToolsApiClasspathEntrySnapshotTransform
Transforming stax-api-1.0-2.jar with BuildToolsApiClasspathEntrySnapshotTransform
Transforming activation-1.1.jar with BuildToolsApiClasspathEntrySnapshotTransform
Transforming ui-unit-desktop-1.7.3.jar with BuildToolsApiClasspathEntrySnapshotTransform
Transforming skiko-awt-0.8.18.jar with BuildToolsApiClasspathEntrySnapshotTransform
Transforming ui-geometry-desktop-1.7.3.jar with BuildToolsApiClasspathEntrySnapshotTransform
Transforming ui-util-desktop-1.7.3.jar with BuildToolsApiClasspathEntrySnapshotTransform
Build cache key for task ':app:compileTestKotlin' is a93803c2da043ff4498bb72ec5ab83c7
Skipping task ':app:compileTestKotlin' as it is up-to-date.
Resolve mutations for :app:compileTestJava (Thread[Execution worker Thread 3,5,main]) started.
:app:compileTestJava (Thread[Execution worker Thread 3,5,main]) started.

> Task :app:compileTestJava NO-SOURCE
Skipping task ':app:compileTestJava' as it has no source files and no previous output files.
Resolve mutations for :app:testClasses (Thread[Execution worker Thread 3,5,main]) started.
:app:testClasses (Thread[Execution worker Thread 2,5,main]) started.

> Task :app:testClasses UP-TO-DATE
Skipping task ':app:testClasses' as it has no actions.
Resolve mutations for :app:test (Thread[Execution worker Thread 2,5,main]) started.
:app:test (Thread[Execution worker Thread 2,5,main]) started.

> Task :app:test
Build cache key for task ':app:test' is c0a4e0ae86f573adab25319bf5749e3c
Task ':app:test' is not up-to-date because:
  Task has failed previously.
file or directory 'C:\Users\david\dev\robotics\ftc\ARES-Analytics\app\build\classes\java\test', not found
Starting process 'Gradle Test Executor 1'. Working directory: C:\Users\david\dev\robotics\ftc\ARES-Analytics\app Command: C:\Program Files\Java\jdk-17\bin\java.exe -Dorg.gradle.internal.worker.tmpdir=C:\Users\david\dev\robotics\ftc\ARES-Analytics\app\build\tmp\test\work @C:\Users\david\.gradle\.tmp\gradle-worker-classpath2274383029487425928txt -Xmx512m -Dfile.encoding=windows-1252 -Duser.country=US -Duser.language=en -Duser.variant -ea worker.org.gradle.process.internal.worker.GradleWorkerMain 'Gradle Test Executor 1'
Successfully started process 'Gradle Test Executor 1'

Gradle Test Executor 1 started executing tests.

> Task :app:test

Nt4ClientServiceTest > testSingleValueDataUpdate STANDARD_OUT
    [Nt4ClientService] Server announced topic: /Drive/Pose_X (id=10, type=double)
    [Nt4ClientService] Discovered telemetry key: Drive/Pose_X (type=double)

Nt4ClientServiceTest > testSingleValueDataUpdate FAILED
    org.junit.ComparisonFailure: expected:<[/]Drive/Pose_X> but was:<[]Drive/Pose_X>
        at org.junit.Assert.assertEquals(Assert.java:117)
        at kotlin.test.junit.JUnitAsserter.assertEquals(JUnitSupport.kt:32)
        at kotlin.test.AssertionsKt__AssertionsKt.assertEquals(Assertions.kt:63)
        at kotlin.test.AssertionsKt.assertEquals(Unknown Source)
        at kotlin.test.AssertionsKt__AssertionsKt.assertEquals$default(Assertions.kt:62)
        at kotlin.test.AssertionsKt.assertEquals$default(Unknown Source)
        at com.ares.analytics.service.Nt4ClientServiceTest$testSingleValueDataUpdate$1$1.invokeSuspend(Nt4ClientServiceTest.kt:92)
        at com.ares.analytics.service.Nt4ClientServiceTest$testSingleValueDataUpdate$1$1.invoke(Nt4ClientServiceTest.kt)
        at com.ares.analytics.service.Nt4ClientServiceTest$testSingleValueDataUpdate$1$1.invoke(Nt4ClientServiceTest.kt)
        at kotlinx.coroutines.intrinsics.UndispatchedKt.startUndispatchedOrReturnIgnoreTimeout(Undispatched.kt:53)
        at kotlinx.coroutines.TimeoutKt.setupTimeout(Timeout.kt:148)
        at kotlinx.coroutines.TimeoutKt.withTimeout(Timeout.kt:43)
        at com.ares.analytics.service.Nt4ClientServiceTest$testSingleValueDataUpdate$1.invokeSuspend(Nt4ClientServiceTest.kt:89)
        at kotlin.coroutines.jvm.internal.BaseContinuationImpl.resumeWith(ContinuationImpl.kt:33)
        at kotlinx.coroutines.DispatchedTask.run(DispatchedTask.kt:101)
        at kotlinx.coroutines.EventLoopImplBase.processNextEvent(EventLoop.common.kt:263)
        at kotlinx.coroutines.BlockingCoroutine.joinBlocking(Builders.kt:95)
        at kotlinx.coroutines.BuildersKt__BuildersKt.runBlocking(Builders.kt:69)
        at kotlinx.coroutines.BuildersKt.runBlocking(Unknown Source)
        at kotlinx.coroutines.BuildersKt__BuildersKt.runBlocking$default(Builders.kt:47)
        at kotlinx.coroutines.BuildersKt.runBlocking$default(Unknown Source)
        at com.ares.analytics.service.Nt4ClientServiceTest.testSingleValueDataUpdate(Nt4ClientServiceTest.kt:73)

Nt4ClientServiceTest > testArrayValueDataUpdate STANDARD_ERROR
    org.sqlite.SQLiteException: [SQLITE_ERROR] SQL error or missing database (no such table: telemetry_frames)
    	at org.sqlite.core.DB.newSQLException(DB.java:1179)
    	at org.sqlite.core.DB.newSQLException(DB.java:1190)
    	at org.sqlite.core.DB.throwex(DB.java:1150)
    	at org.sqlite.core.NativeDB.prepare_utf8(Native Method)
    	at org.sqlite.core.NativeDB.prepare(NativeDB.java:132)
    	at org.sqlite.core.DB.prepare(DB.java:264)
    	at org.sqlite.core.CorePreparedStatement.<init>(CorePreparedStatement.java:46)
    	at org.sqlite.jdbc3.JDBC3PreparedStatement.<init>(JDBC3PreparedStatement.java:32)
    	at org.sqlite.jdbc4.JDBC4PreparedStatement.<init>(JDBC4PreparedStatement.java:25)
    	at org.sqlite.jdbc4.JDBC4Connection.prepareStatement(JDBC4Connection.java:34)
    	at org.sqlite.jdbc3.JDBC3Connection.prepareStatement(JDBC3Connection.java:225)
    	at org.sqlite.jdbc3.JDBC3Connection.prepareStatement(JDBC3Connection.java:205)
    	at app.cash.sqldelight.driver.jdbc.JdbcDriver.execute(JdbcDriver.kt:133)
    	at com.ares.analytics.database.AresDatabaseQueries.insertTelemetryFrame(AresDatabaseQueries.kt:500)
    	at com.ares.analytics.service.DatabaseService$insertTelemetryFrames$2.invokeSuspend$lambda$0(DatabaseService.kt:217)
    	at app.cash.sqldelight.TransacterImpl.transactionWithWrapper(Transacter.kt:370)
    	at app.cash.sqldelight.TransacterImpl.transaction(Transacter.kt:349)
    	at app.cash.sqldelight.Transacter$DefaultImpls.transaction$default(Transacter.kt:94)
    	at com.ares.analytics.service.DatabaseService$insertTelemetryFrames$2.invokeSuspend(DatabaseService.kt:215)
    	at com.ares.analytics.service.DatabaseService$insertTelemetryFrames$2.invoke(DatabaseService.kt)
    	at com.ares.analytics.service.DatabaseService$insertTelemetryFrames$2.invoke(DatabaseService.kt)
    	at kotlinx.coroutines.intrinsics.UndispatchedKt.startUndispatchedOrReturn(Undispatched.kt:42)
    	at kotlinx.coroutines.BuildersKt__Builders_commonKt.withContext(Builders.common.kt:164)
    	at kotlinx.coroutines.BuildersKt.withContext(Unknown Source)
    	at com.ares.analytics.service.DatabaseService.insertTelemetryFrames(DatabaseService.kt:213)
    	at com.ares.analytics.service.Nt4ClientService.flushPendingFrames(Nt4ClientService.kt:70)
    	at com.ares.analytics.service.Nt4ClientService$stop$1.invokeSuspend(Nt4ClientService.kt:283)
    	at kotlin.coroutines.jvm.internal.BaseContinuationImpl.resumeWith(ContinuationImpl.kt:33)
    	at kotlinx.coroutines.DispatchedTask.run(DispatchedTask.kt:101)
    	at kotlinx.coroutines.internal.LimitedDispatcher$Worker.run(LimitedDispatcher.kt:113)
    	at kotlinx.coroutines.scheduling.TaskImpl.run(Tasks.kt:89)
    	at kotlinx.coroutines.scheduling.CoroutineScheduler.runSafely(CoroutineScheduler.kt:589)
    	at kotlinx.coroutines.scheduling.CoroutineScheduler$Worker.executeTask(CoroutineScheduler.kt:823)
    	at kotlinx.coroutines.scheduling.CoroutineScheduler$Worker.runWorker(CoroutineScheduler.kt:720)
    	at kotlinx.coroutines.scheduling.CoroutineScheduler$Worker.run(CoroutineScheduler.kt:707)

Nt4ClientServiceTest > testArrayValueDataUpdate STANDARD_OUT
    [Nt4ClientService] Server announced topic: /Drive/EstimatedPose (id=20, type=double[])
    [Nt4ClientService] Discovered telemetry key: Drive/EstimatedPose (type=double[])

Nt4ClientServiceTest > testArrayValueDataUpdate FAILED
    org.junit.ComparisonFailure: expected:<[/]Drive/EstimatedPose/...> but was:<[]Drive/EstimatedPose/...>
        at org.junit.Assert.assertEquals(Assert.java:117)
        at kotlin.test.junit.JUnitAsserter.assertEquals(JUnitSupport.kt:32)
        at kotlin.test.AssertionsKt__AssertionsKt.assertEquals(Assertions.kt:63)
        at kotlin.test.AssertionsKt.assertEquals(Unknown Source)
        at kotlin.test.AssertionsKt__AssertionsKt.assertEquals$default(Assertions.kt:62)
        at kotlin.test.AssertionsKt.assertEquals$default(Unknown Source)
        at com.ares.analytics.service.Nt4ClientServiceTest$testArrayValueDataUpdate$1.invokeSuspend(Nt4ClientServiceTest.kt:130)
        at kotlin.coroutines.jvm.internal.BaseContinuationImpl.resumeWith(ContinuationImpl.kt:33)
        at kotlinx.coroutines.DispatchedTaskKt.resume(DispatchedTask.kt:221)
        at kotlinx.coroutines.DispatchedTaskKt.dispatch(DispatchedTask.kt:154)
        at kotlinx.coroutines.CancellableContinuationImpl.dispatchResume(CancellableContinuationImpl.kt:470)
        at kotlinx.coroutines.CancellableContinuationImpl.resumeImpl$kotlinx_coroutines_core(CancellableContinuationImpl.kt:504)
        at kotlinx.coroutines.CancellableContinuationImpl.resumeImpl$kotlinx_coroutines_core$default(CancellableContinuationImpl.kt:493)
        at kotlinx.coroutines.CancellableContinuationImpl.resumeUndispatched(CancellableContinuationImpl.kt:596)
        at kotlinx.coroutines.EventLoopImplBase$DelayedResumeTask.run(EventLoop.common.kt:497)
        at kotlinx.coroutines.EventLoopImplBase.processNextEvent(EventLoop.common.kt:263)
        at kotlinx.coroutines.BlockingCoroutine.joinBlocking(Builders.kt:95)
        at kotlinx.coroutines.BuildersKt__BuildersKt.runBlocking(Builders.kt:69)
        at kotlinx.coroutines.BuildersKt.runBlocking(Unknown Source)
        at kotlinx.coroutines.BuildersKt__BuildersKt.runBlocking$default(Builders.kt:47)
        at kotlinx.coroutines.BuildersKt.runBlocking$default(Unknown Source)
        at com.ares.analytics.service.Nt4ClientServiceTest.testArrayValueDataUpdate(Nt4ClientServiceTest.kt:99)

Nt4ClientServiceTest > testAnnounceAndUnannounce STANDARD_ERROR
    org.sqlite.SQLiteException: [SQLITE_ERROR] SQL error or missing database (no such table: telemetry_frames)
    	at org.sqlite.core.DB.newSQLException(DB.java:1179)
    	at org.sqlite.core.DB.newSQLException(DB.java:1190)
    	at org.sqlite.core.DB.throwex(DB.java:1150)
    	at org.sqlite.core.NativeDB.prepare_utf8(Native Method)
    	at org.sqlite.core.NativeDB.prepare(NativeDB.java:132)
    	at org.sqlite.core.DB.prepare(DB.java:264)
    	at org.sqlite.core.CorePreparedStatement.<init>(CorePreparedStatement.java:46)
    	at org.sqlite.jdbc3.JDBC3PreparedStatement.<init>(JDBC3PreparedStatement.java:32)
    	at org.sqlite.jdbc4.JDBC4PreparedStatement.<init>(JDBC4PreparedStatement.java:25)
    	at org.sqlite.jdbc4.JDBC4Connection.prepareStatement(JDBC4Connection.java:34)
    	at org.sqlite.jdbc3.JDBC3Connection.prepareStatement(JDBC3Connection.java:225)
    	at org.sqlite.jdbc3.JDBC3Connection.prepareStatement(JDBC3Connection.java:205)
    	at app.cash.sqldelight.driver.jdbc.JdbcDriver.execute(JdbcDriver.kt:133)
    	at com.ares.analytics.database.AresDatabaseQueries.insertTelemetryFrame(AresDatabaseQueries.kt:500)
    	at com.ares.analytics.service.DatabaseService$insertTelemetryFrames$2.invokeSuspend$lambda$0(DatabaseService.kt:217)
    	at app.cash.sqldelight.TransacterImpl.transactionWithWrapper(Transacter.kt:370)
    	at app.cash.sqldelight.TransacterImpl.transaction(Transacter.kt:349)
    	at app.cash.sqldelight.Transacter$DefaultImpls.transaction$default(Transacter.kt:94)
    	at com.ares.analytics.service.DatabaseService$insertTelemetryFrames$2.invokeSuspend(DatabaseService.kt:215)
    	at com.ares.analytics.service.DatabaseService$insertTelemetryFrames$2.invoke(DatabaseService.kt)
    	at com.ares.analytics.service.DatabaseService$insertTelemetryFrames$2.invoke(DatabaseService.kt)
    	at kotlinx.coroutines.intrinsics.UndispatchedKt.startUndispatchedOrReturn(Undispatched.kt:42)
    	at kotlinx.coroutines.BuildersKt__Builders_commonKt.withContext(Builders.common.kt:164)
    	at kotlinx.coroutines.BuildersKt.withContext(Unknown Source)
    	at com.ares.analytics.service.DatabaseService.insertTelemetryFrames(DatabaseService.kt:213)
    	at com.ares.analytics.service.Nt4ClientService.flushPendingFrames(Nt4ClientService.kt:70)
    	at com.ares.analytics.service.Nt4ClientService$stop$1.invokeSuspend(Nt4ClientService.kt:283)
    	at kotlin.coroutines.jvm.internal.BaseContinuationImpl.resumeWith(ContinuationImpl.kt:33)
    	at kotlinx.coroutines.DispatchedTask.run(DispatchedTask.kt:101)
    	at kotlinx.coroutines.internal.LimitedDispatcher$Worker.run(LimitedDispatcher.kt:113)
    	at kotlinx.coroutines.scheduling.TaskImpl.run(Tasks.kt:89)
    	at kotlinx.coroutines.scheduling.CoroutineScheduler.runSafely(CoroutineScheduler.kt:589)
    	at kotlinx.coroutines.scheduling.CoroutineScheduler$Worker.executeTask(CoroutineScheduler.kt:823)
    	at kotlinx.coroutines.scheduling.CoroutineScheduler$Worker.runWorker(CoroutineScheduler.kt:720)
    	at kotlinx.coroutines.scheduling.CoroutineScheduler$Worker.run(CoroutineScheduler.kt:707)

Nt4ClientServiceTest > testAnnounceAndUnannounce STANDARD_OUT
    [Nt4ClientService] Server announced topic: /Drive/Pose_X (id=42, type=double)
    [Nt4ClientService] Server unannounced topic id: 42

Gradle Test Executor 1 finished executing tests.

> Task :app:test FAILED
Finished generating test XML results (0.035 secs) into: C:\Users\david\dev\robotics\ftc\ARES-Analytics\app\build\test-results\test
Generating HTML test report...
Finished generating test html results (0.067 secs) into: C:\Users\david\dev\robotics\ftc\ARES-Analytics\app\build\reports\tests\test
.\gradlew.bat : 
At line:1 char:1
+ .\gradlew.bat :app:test --tests "com.ares.analytics.service.Nt4Client ...
+ ~~~~~~~~~~~~~~~~~~~~~~~~~~~~~~~~~~~~~~~~~~~~~~~~~~~~~~~~~~~~~~~~~~~~~
    + CategoryInfo          : NotSpecified: (:String) [], RemoteException
    + FullyQualifiedErrorId : NativeCommandError
 
4 tests completed, 2 failed

FAILURE: Build failed with an exception.

* What went wrong:
Execution failed for task ':app:test'.
> There were failing tests. See the report at: 
file:///C:/Users/david/dev/robotics/ftc/ARES-Analytics/app/build/reports/tests/test/index.html

* Try:
> Run with --scan to get full insights.

Deprecated Gradle features were used in this build, making it incompatible with Gradle 9.0.

You can use '--warning-mode all' to show the individual deprecation warnings and determine if they come from your own scripts or plugins.

For more on this, please refer to https://docs.gradle.org/8.9/userguide/command_line_interface.html#sec:command_line_warnings in the Gradle documentation.

BUILD FAILED in 24s
11 actionable tasks: 1 executed, 10 up-to-date
Watched directory hierarchies: [C:\Users\david\dev\robotics\ftc\ARES-Analytics]
